2026-10-01 00:27  DOWN  web=214ms api=138ms stream=FAIL auth=4179ms db=1679ms transcribe=ok analysis=ok
  실패: stream(Failed to parse URL from /health)
  느림: auth 4179ms
  web: index-BQiBvtZo.js
  analysis: 24h 미팅 0 · 실패 0
2026-10-01 07:06  DOWN  web=350ms api=171ms stream=FAIL auth=3302ms db=1288ms transcribe=ok analysis=ok
  실패: stream(Failed to parse URL from /health)
  느림: auth 3302ms
  web: index-BQiBvtZo.js
  analysis: 24h 미팅 0 · 실패 0
2026-10-01 15:20  DOWN  web=446ms api=178ms stream=FAIL auth=3486ms db=1382ms transcribe=ok analysis=ok
  실패: stream(Failed to parse URL from /health)
  느림: auth 3486ms
  web: index-BQiBvtZo.js
  analysis: 24h 미팅 0 · 실패 0
2026-10-02 00:40  DOWN  web=432ms api=228ms stream=FAIL auth=4232ms db=1750ms transcribe=ok analysis=ok
  실패: stream(Failed to parse URL from /health)
  느림: auth 4232ms
  web: index-BQiBvtZo.js
  analysis: 24h 미팅 0 · 실패 0
2026-10-02 06:53  DOWN  web=357ms api=271ms stream=FAIL auth=4302ms db=1527ms transcribe=ok analysis=ok
  실패: stream(Failed to parse URL from /health)
  느림: auth 4302ms
  web: index-BQiBvtZo.js
  analysis: 24h 미팅 0 · 실패 0
