2026-09-01 07:38  DOWN  web=100ms api=116ms stream=FAIL auth=4802ms db=1667ms transcribe=ok analysis=ok
  실패: stream(Failed to parse URL from /health)
  느림: auth 4802ms
  web: index-DKZEDWwi.js
  analysis: 24h 미팅 1 · 실패 0
2026-09-01 13:24  DOWN  web=174ms api=155ms stream=FAIL auth=3864ms db=1631ms transcribe=ok analysis=ok
  실패: stream(Failed to parse URL from /health)
  느림: auth 3864ms
  web: index-Va8BRuKc.js
  analysis: 24h 미팅 4 · 실패 0
2026-09-01 17:46  DOWN  web=136ms api=187ms stream=FAIL auth=4003ms db=1654ms transcribe=ok analysis=ok
  실패: stream(Failed to parse URL from /health)
  느림: auth 4003ms
  web: index-DXP47V8b.js
  analysis: 24h 미팅 4 · 실패 0
2026-09-01 20:55  DOWN  web=271ms api=361ms stream=FAIL auth=3789ms db=1450ms transcribe=ok analysis=ok
  실패: stream(Failed to parse URL from /health)
  느림: auth 3789ms
  web: index-4r4xCRKc.js
  analysis: 24h 미팅 4 · 실패 0
2026-09-01 23:13  DOWN  web=162ms api=208ms stream=FAIL auth=4151ms db=1703ms transcribe=ok analysis=ok
  실패: stream(Failed to parse URL from /health)
  느림: auth 4151ms
  web: index-4r4xCRKc.js
  analysis: 24h 미팅 4 · 실패 0
2026-09-02 09:25  DOWN  web=307ms api=112ms stream=FAIL auth=3462ms db=1378ms transcribe=ok analysis=ok
  실패: stream(Failed to parse URL from /health)
  느림: auth 3462ms
  web: index-4r4xCRKc.js
  analysis: 24h 미팅 0 · 실패 0
2026-09-02 14:16  DOWN  web=209ms api=277ms stream=FAIL auth=3243ms db=1234ms transcribe=ok analysis=ok
  실패: stream(Failed to parse URL from /health)
  느림: auth 3243ms
  web: index-4r4xCRKc.js
  analysis: 24h 미팅 0 · 실패 0
2026-09-02 18:31  DOWN  web=647ms api=396ms stream=FAIL auth=4289ms db=1371ms transcribe=ok analysis=ok
  실패: stream(Failed to parse URL from /health)
  느림: auth 4289ms
  web: index-4r4xCRKc.js
  analysis: 24h 미팅 0 · 실패 0
2026-09-02 21:42  DOWN  web=200ms api=312ms stream=FAIL auth=3294ms db=1264ms transcribe=ok analysis=ok
  실패: stream(Failed to parse URL from /health)
  느림: auth 3294ms
  web: index-4r4xCRKc.js
  analysis: 24h 미팅 0 · 실패 0
2026-09-02 23:58  DOWN  web=228ms api=230ms stream=FAIL auth=3986ms db=1518ms transcribe=ok analysis=ok
  실패: stream(Failed to parse URL from /health)
  느림: auth 3986ms
  web: index-4r4xCRKc.js
  analysis: 24h 미팅 0 · 실패 0
2026-09-03 09:35  DOWN  web=129ms api=125ms stream=FAIL auth=4041ms db=1725ms transcribe=ok analysis=ok
  실패: stream(Failed to parse URL from /health)
  느림: auth 4041ms
  web: index-4r4xCRKc.js
  analysis: 24h 미팅 0 · 실패 0
2026-09-03 14:20  DOWN  web=529ms api=224ms stream=FAIL auth=4532ms db=1565ms transcribe=ok analysis=ok
  실패: stream(Failed to parse URL from /health)
  느림: auth 4532ms
  web: index-4r4xCRKc.js
  analysis: 24h 미팅 0 · 실패 0
2026-09-03 18:27  DOWN  web=226ms api=436ms stream=FAIL auth=3543ms db=1696ms transcribe=ok analysis=ok
  실패: stream(Failed to parse URL from /health)
  느림: auth 3543ms
  web: index-4r4xCRKc.js
  analysis: 24h 미팅 0 · 실패 0
2026-09-03 21:37  DOWN  web=468ms api=341ms stream=FAIL auth=4311ms db=1419ms transcribe=ok analysis=ok
  실패: stream(Failed to parse URL from /health)
  느림: auth 4311ms
  web: index-4r4xCRKc.js
  analysis: 24h 미팅 0 · 실패 0
2026-09-04 09:27  DOWN  web=240ms api=198ms stream=FAIL auth=3451ms db=1357ms transcribe=ok analysis=ok
  실패: stream(Failed to parse URL from /health)
  느림: auth 3451ms
  web: index-4r4xCRKc.js
  analysis: 24h 미팅 0 · 실패 0
2026-09-04 14:09  DOWN  web=364ms api=185ms stream=FAIL auth=4568ms db=1525ms transcribe=ok analysis=ok
  실패: stream(Failed to parse URL from /health)
  느림: auth 4568ms
  web: index-4r4xCRKc.js
  analysis: 24h 미팅 0 · 실패 0
2026-09-04 18:14  DOWN  web=138ms api=181ms stream=FAIL auth=4346ms db=1756ms transcribe=ok analysis=ok
  실패: stream(Failed to parse URL from /health)
  느림: auth 4346ms
  web: index-4r4xCRKc.js
  analysis: 24h 미팅 0 · 실패 0
2026-09-04 21:20  DOWN  web=269ms api=179ms stream=FAIL auth=4519ms db=1738ms transcribe=ok analysis=ok
  실패: stream(Failed to parse URL from /health)
  느림: auth 4519ms
  web: index-4r4xCRKc.js
  analysis: 24h 미팅 0 · 실패 0
2026-09-05 08:54  DOWN  web=113ms api=155ms stream=FAIL auth=4204ms db=1726ms transcribe=ok analysis=ok
  실패: stream(Failed to parse URL from /health)
  느림: auth 4204ms
  web: index-4r4xCRKc.js
  analysis: 24h 미팅 0 · 실패 0
2026-09-05 12:33  DOWN  web=253ms api=110ms stream=FAIL auth=4166ms db=1589ms transcribe=ok analysis=ok
  실패: stream(Failed to parse URL from /health)
  느림: auth 4166ms
  web: index-4r4xCRKc.js
  analysis: 24h 미팅 0 · 실패 0
2026-09-05 15:54  DOWN  web=215ms api=117ms stream=FAIL auth=4227ms db=1736ms transcribe=ok analysis=ok
  실패: stream(Failed to parse URL from /health)
  느림: auth 4227ms
  web: index-4r4xCRKc.js
  analysis: 24h 미팅 0 · 실패 0
2026-09-05 18:04  DOWN  web=465ms api=183ms stream=FAIL auth=4088ms db=1541ms transcribe=ok analysis=ok
  실패: stream(Failed to parse URL from /health)
  느림: auth 4088ms
  web: index-4r4xCRKc.js
  analysis: 24h 미팅 0 · 실패 0
2026-09-05 21:04  DOWN  web=549ms api=203ms stream=FAIL auth=4154ms db=1577ms transcribe=ok analysis=ok
  실패: stream(Failed to parse URL from /health)
  느림: auth 4154ms
  web: index-4r4xCRKc.js
  analysis: 24h 미팅 0 · 실패 0
2026-09-06 09:16  DOWN  web=135ms api=122ms stream=FAIL auth=4094ms db=1705ms transcribe=ok analysis=ok
  실패: stream(Failed to parse URL from /health)
  느림: auth 4094ms
  web: index-4r4xCRKc.js
  analysis: 24h 미팅 0 · 실패 0
2026-09-06 13:31  DOWN  web=193ms api=158ms stream=FAIL auth=4054ms db=1585ms transcribe=ok analysis=ok
  실패: stream(Failed to parse URL from /health)
  느림: auth 4054ms
  web: index-4r4xCRKc.js
  analysis: 24h 미팅 0 · 실패 0
2026-09-06 16:50  DOWN  web=309ms api=141ms stream=FAIL auth=4120ms db=1599ms transcribe=ok analysis=ok
  실패: stream(Failed to parse URL from /health)
  느림: auth 4120ms
  web: index-4r4xCRKc.js
  analysis: 24h 미팅 0 · 실패 0
2026-09-06 18:59  DOWN  web=303ms api=226ms stream=FAIL auth=4402ms db=1520ms transcribe=ok analysis=ok
  실패: stream(Failed to parse URL from /health)
  느림: auth 4402ms
  web: index-4r4xCRKc.js
  analysis: 24h 미팅 0 · 실패 0
2026-09-06 21:16  DOWN  web=363ms api=162ms stream=FAIL auth=3458ms db=1289ms transcribe=ok analysis=ok
  실패: stream(Failed to parse URL from /health)
  느림: auth 3458ms
  web: index-4r4xCRKc.js
  analysis: 24h 미팅 0 · 실패 0
2026-09-07 10:05  DOWN  web=114ms api=248ms stream=FAIL auth=3635ms db=1301ms transcribe=ok analysis=ok
  실패: stream(Failed to parse URL from /health)
  느림: auth 3635ms
  web: index-4r4xCRKc.js
  analysis: 24h 미팅 0 · 실패 0
2026-09-07 16:22  DOWN  web=147ms api=138ms stream=FAIL auth=3269ms db=1300ms transcribe=ok analysis=ok
  실패: stream(Failed to parse URL from /health)
  느림: auth 3269ms
  web: index-4r4xCRKc.js
  analysis: 24h 미팅 0 · 실패 0
2026-09-07 23:24  DOWN  web=395ms api=212ms stream=FAIL auth=3221ms db=1283ms transcribe=ok analysis=ok
  실패: stream(Failed to parse URL from /health)
  느림: auth 3221ms
  web: index-4r4xCRKc.js
  analysis: 24h 미팅 0 · 실패 0
2026-09-08 09:30  DOWN  web=122ms api=149ms stream=FAIL auth=4065ms db=1607ms transcribe=ok analysis=ok
  실패: stream(Failed to parse URL from /health)
  느림: auth 4065ms
  web: index-4r4xCRKc.js
  analysis: 24h 미팅 0 · 실패 0
2026-09-08 14:20  DOWN  web=769ms api=255ms stream=FAIL auth=3908ms db=1536ms transcribe=ok analysis=ok
  실패: stream(Failed to parse URL from /health)
  느림: auth 3908ms
  web: index-4r4xCRKc.js
  analysis: 24h 미팅 0 · 실패 0
2026-09-08 18:28  DOWN  web=388ms api=203ms stream=FAIL auth=4236ms db=1699ms transcribe=ok analysis=ok
  실패: stream(Failed to parse URL from /health)
  느림: auth 4236ms
  web: index-4r4xCRKc.js
  analysis: 24h 미팅 0 · 실패 0
2026-09-08 21:45  DOWN  web=174ms api=353ms stream=FAIL auth=3270ms db=1269ms transcribe=ok analysis=ok
  실패: stream(Failed to parse URL from /health)
  느림: auth 3270ms
  web: index-4r4xCRKc.js
  analysis: 24h 미팅 0 · 실패 0
2026-09-09 09:33  DOWN  web=596ms api=194ms stream=FAIL auth=3285ms db=1305ms transcribe=ok analysis=ok
  실패: stream(Failed to parse URL from /health)
  느림: auth 3285ms
  web: index-4r4xCRKc.js
  analysis: 24h 미팅 0 · 실패 0
2026-09-09 14:21  DOWN  web=182ms api=577ms stream=FAIL auth=3801ms db=1722ms transcribe=ok analysis=ok
  실패: stream(Failed to parse URL from /health)
  느림: auth 3801ms
  web: index-4r4xCRKc.js
  analysis: 24h 미팅 0 · 실패 0
2026-09-09 18:27  DOWN  web=278ms api=389ms stream=FAIL auth=4352ms db=1408ms transcribe=ok analysis=ok
  실패: stream(Failed to parse URL from /health)
  느림: auth 4352ms
  web: index-4r4xCRKc.js
  analysis: 24h 미팅 0 · 실패 0
2026-09-09 21:36  DOWN  web=765ms api=330ms stream=FAIL auth=4357ms db=1419ms transcribe=ok analysis=ok
  실패: stream(Failed to parse URL from /health)
  느림: auth 4357ms
  web: index-4r4xCRKc.js
  analysis: 24h 미팅 0 · 실패 0
2026-09-10 00:01  DOWN  web=262ms api=311ms stream=FAIL auth=3998ms db=1504ms transcribe=ok analysis=ok
  실패: stream(Failed to parse URL from /health)
  느림: auth 3998ms
  web: index-4r4xCRKc.js
  analysis: 24h 미팅 0 · 실패 0
2026-09-10 05:46  DOWN  web=452ms api=212ms stream=FAIL auth=4006ms db=1534ms transcribe=ok analysis=ok
  실패: stream(Failed to parse URL from /health)
  느림: auth 4006ms
  web: index-4r4xCRKc.js
  analysis: 24h 미팅 0 · 실패 0
2026-09-10 16:14  DOWN  web=304ms api=305ms stream=FAIL auth=4149ms db=1300ms transcribe=ok analysis=ok
  실패: stream(Failed to parse URL from /health)
  느림: auth 4149ms
  web: index-4r4xCRKc.js
  analysis: 24h 미팅 0 · 실패 0
2026-09-10 19:30  DOWN  web=179ms api=158ms stream=FAIL auth=4044ms db=1646ms transcribe=ok analysis=ok
  실패: stream(Failed to parse URL from /health)
  느림: auth 4044ms
  web: index-4r4xCRKc.js
  analysis: 24h 미팅 0 · 실패 0
2026-09-10 22:24  DOWN  web=501ms api=189ms stream=FAIL auth=2935ms db=1341ms transcribe=ok analysis=ok
  실패: stream(Failed to parse URL from /health)
  web: index-4r4xCRKc.js
  analysis: 24h 미팅 0 · 실패 0
2026-09-11 00:54  DOWN  web=210ms api=238ms stream=FAIL auth=4704ms db=1571ms transcribe=ok analysis=ok
  실패: stream(Failed to parse URL from /health)
  느림: auth 4704ms
  web: index-4r4xCRKc.js
  analysis: 24h 미팅 0 · 실패 0
2026-09-11 05:45  DOWN  web=203ms api=206ms stream=FAIL auth=4147ms db=1570ms transcribe=ok analysis=ok
  실패: stream(Failed to parse URL from /health)
  느림: auth 4147ms
  web: index-4r4xCRKc.js
  analysis: 24h 미팅 0 · 실패 0
2026-09-11 16:18  DOWN  web=287ms api=669ms stream=FAIL auth=3668ms db=1403ms transcribe=ok analysis=ok
  실패: stream(Failed to parse URL from /health)
  느림: auth 3668ms
  web: index-4r4xCRKc.js
  analysis: 24h 미팅 0 · 실패 0
2026-09-11 19:31  DOWN  web=290ms api=264ms stream=FAIL auth=4038ms db=1432ms transcribe=ok analysis=ok
  실패: stream(Failed to parse URL from /health)
  느림: auth 4038ms
  web: index-4r4xCRKc.js
  analysis: 24h 미팅 0 · 실패 0
