2026-08-13 04:36Z  못봄
  녹음 44개 · 합계 172분 · 경로 없는 행 0개
    못 봄: R2(CLOUDFLARE_API_TOKEN·CF_ACCOUNT_ID 미설정) — 파일이 살아 있는지 확인하지 못했습니다
2026-08-14 11:06Z  문제있음
  녹음 46개 · 합계 184분 · 경로 없는 행 0개
  훈련 자체가 실패: srcObjs.map is not a function
2026-08-14 11:07Z  문제있음
  녹음 46개 · 합계 184분 · 경로 없는 행 0개
  R2 객체 51개 · 511.7MB
    끊긴 참조 1개 · 0바이트 0개 · 고아 6개
      없음: recordings/9d36de37-0f78-4a31-a079-ccfd6104b8d7.wav
  백업 51개 · 원본 중 백업 없는 것 0개
    표본[백업] 5-4e0b-b3f5-69823ef0da21.mp4 · **못 엶: spawnSync ffprobe ENOENT**
    표본[백업] -4490-84ac-a1710ae2f384.webm · **못 엶: spawnSync ffprobe ENOENT**
    표본[백업] 3-46ff-9eb5-5423b08c6c60.wav · **못 엶: spawnSync ffprobe ENOENT**
  문제 4건 — 위 목록 참고
2026-08-14 11:09Z  문제있음
  녹음 46개 · 합계 184분 · 경로 없는 행 0개
  R2 객체 51개 · 511.7MB
    끊긴 참조 1개 · 0바이트 0개 · 고아 6개
      없음: recordings/9d36de37-0f78-4a31-a079-ccfd6104b8d7.wav
  백업 51개 · 원본 중 백업 없는 것 0개
    표본[백업] 5-4e0b-b3f5-69823ef0da21.mp4 · 18.7MB · 835초 (DB 527초) **길이 어긋남**
    표본[백업] -4490-84ac-a1710ae2f384.webm · 0.0MB · 3초 (DB 3초) 열림
    표본[백업] 3-46ff-9eb5-5423b08c6c60.wav · 24.0MB · 786초 (DB 786초) 열림
  문제 2건 — 위 목록 참고
2026-08-14 11:11Z  문제있음
  녹음 46개 · 합계 184분 · 경로 없는 행 0개
  R2 객체 51개 · 511.7MB
    끊긴 참조 1개 · 0바이트 0개 · 고아 6개
      없음: recordings/9d36de37-0f78-4a31-a079-ccfd6104b8d7.wav
            "녹음" · Tue Aug 11 등록 · 전사 failed · DB 길이 1초
  백업 51개 · 원본 중 백업 없는 것 0개
    표본[백업] 5-4e0b-b3f5-69823ef0da21.mp4 · 18.7MB · 835초 (DB 527초) 열림 (DB 길이가 308초 짧게 적혀 있음)
    표본[백업] -4490-84ac-a1710ae2f384.webm · 0.0MB · 3초 (DB 3초) 열림
    표본[백업] 3-46ff-9eb5-5423b08c6c60.wav · 24.0MB · 786초 (DB 786초) 열림
  문제 1건 — 위 목록 참고
