2026-08-13 04:58Z  실패
  (백업이 돌지 못했습니다)
2026-08-13 05:52Z  실패
  백업 자체가 실패: sep-v2-uploads-backup 조회 실패: [{"code":7003,"message":"Could not route to /client/v4/accounts/***/r2/buckets/sep-v2-uploads-backup/objects, perhaps your object identifier is invalid?"}]
2026-08-13 05:59Z  실패
  백업 자체가 실패: sep-v2-uploads-backup 조회 실패: [{"code":7003,"message":"Could not route to /client/v4/accounts/***/r2/buckets/sep-v2-uploads-backup/objects, perhaps your object identifier is invalid?"}]
2026-08-13 06:00Z  실패
  백업 자체가 실패: 계정의 버킷 목록을 못 읽었습니다 (HTTP 404). CF_ACCOUNT_ID 가 32자리 16진수인지, 토큰에 R2 읽기 권한이 있는지 확인하세요. [{"code":7003,"message":"Could not route to /client/v4/accounts/***/r2/buckets, perhaps your object identifier is invalid?"}]
2026-08-13 06:01Z  실패
  백업 자체가 실패: 계정의 버킷 목록을 못 읽었습니다 (HTTP 404). [{"code":7003,"message":"Could not route to /client/v4/accounts/***/r2/buckets, perhaps your object identifier is invalid?"}]
    이 토큰으로는 계정 목록도 못 읽습니다 — 토큰 자체를 확인하세요
2026-08-13 06:10Z  실패
  백업 자체가 실패: 계정의 버킷 목록을 못 읽었습니다 (HTTP 404). [{"code":7003,"message":"Could not route to /client/v4/accounts/***/r2/buckets, perhaps your object identifier is invalid?"}]
    이 토큰으로는 계정 목록도 못 읽습니다 — 토큰 자체를 확인하세요
2026-08-13 07:54Z  실패
  백업 자체가 실패: 계정의 버킷 목록을 못 읽었습니다 (HTTP 404). [{"code":7003,"message":"Could not route to /client/v4/accounts/***/r2/buckets, perhaps your object identifier is invalid?"}]
    이 토큰으로는 계정 목록도 못 읽습니다 — 토큰 자체를 확인하세요
2026-08-13 13:49Z  실패
  백업 자체가 실패: 계정의 버킷 목록을 못 읽었습니다 (HTTP 404). [{"code":7003,"message":"Could not route to /client/v4/accounts/***/r2/buckets, perhaps your object identifier is invalid?"}]
    이 토큰으로는 계정 목록도 못 읽습니다 — 토큰 자체를 확인하세요
2026-08-13 19:26Z  실패
  백업 자체가 실패: 계정의 버킷 목록을 못 읽었습니다 (HTTP 404). [{"code":7003,"message":"Could not route to /client/v4/accounts/***/r2/buckets, perhaps your object identifier is invalid?"}]
    이 토큰으로는 계정 목록도 못 읽습니다 — 토큰 자체를 확인하세요
2026-08-14 02:47Z  실패
  백업 자체가 실패: 계정의 버킷 목록을 못 읽었습니다 (HTTP 404). [{"code":7003,"message":"Could not route to /client/v4/accounts/***/r2/buckets, perhaps your object identifier is invalid?"}]
    이 토큰으로는 계정 목록도 못 읽습니다 — 토큰 자체를 확인하세요
2026-08-14 07:52Z  실패
  백업 자체가 실패: 계정의 버킷 목록을 못 읽었습니다 (HTTP 404). [{"code":7003,"message":"Could not route to /client/v4/accounts/***/r2/buckets, perhaps your object identifier is invalid?"}]
    이 토큰으로는 계정 목록도 못 읽습니다 — 토큰 자체를 확인하세요
2026-08-14 10:44Z  실패
  백업 자체가 실패: 계정의 버킷 목록을 못 읽었습니다 (HTTP 400). [{"code":9106,"message":"Authentication failed (status: 400)"}]
    이 토큰으로는 계정 목록도 못 읽습니다 — 토큰 자체를 확인하세요
2026-08-14 10:45Z  실패
  백업 자체가 실패: 계정의 버킷 목록을 못 읽었습니다 (HTTP 400). [{"code":9106,"message":"Authentication failed (status: 400)"}]
    **토큰이 유효하지 않습니다** — [{"code":6003,"message":"Invalid request headers","error_chain":[{"code":6111,"message":"Invalid format for Authorizatio
    넣힌 CLOUDFLARE_API_TOKEN 의 생김새: 65자, 대문자·기호 섞임 (토큰 값의 생김새는 맞습니다)
2026-08-14 10:46Z  실패
  백업 자체가 실패: 계정의 버킷 목록을 못 읽었습니다 (HTTP 400). [{"code":9106,"message":"Authentication failed (status: 400)"}]
    **토큰이 유효하지 않습니다** — [{"code":6003,"message":"Invalid request headers","error_chain":[{"code":6111,"message":"Invalid format for Authorizatio
    넣힌 CLOUDFLARE_API_TOKEN 의 구성: 65자 · `cfut_` 로 시작하지 않음 · 소문자 40 · 대문자 0 · 숫자 19 · -_ 0 · **그 밖의 글자 6개** — 따옴표나 눈에 안 보이는 글자가 섞였을 수 있습니다
2026-08-14 10:54Z  실패
  백업 자체가 실패: 계정의 버킷 목록을 못 읽었습니다 (HTTP 400). [{"code":9106,"message":"Authentication failed (status: 400)"}]
    **토큰이 유효하지 않습니다** — [{"code":6003,"message":"Invalid request headers","error_chain":[{"code":6111,"message":"Invalid format for Authorizatio
    넣힌 CLOUDFLARE_API_TOKEN 의 구성: 65자 · `cfut_` 로 시작하지 않음 · 소문자 40 · 대문자 0 · 숫자 19 · -_ 0 · **그 밖의 글자 6개** — 따옴표나 눈에 안 보이는 글자가 섞였을 수 있습니다
2026-08-14 10:59Z  실패
  백업 자체가 실패: (d.result || []).map is not a function
2026-08-14 11:00Z  실패
  계정 버킷 1개: sep-v2-uploads
  없는 버킷: sep-v2-uploads-backup
  버킷을 만들거나, 이름이 다르면 R2_BACKUP_BUCKET 시크릿으로 알려주세요.
2026-08-14 11:05Z  완료
  계정 버킷 1개: sep-v2-uploads
  백업 버킷 sep-v2-uploads-backup 를 만들었습니다
  원본 51개 (511.7MB)
  백업 0개 (0.0MB)
  넣을 것 51개
    넣음    0.0MB  meetings/5f82a491-cbb9-49d0-ad9b-aef82efb83fe.mp3
    넣음    6.4MB  meetings/80eca180-b496-4947-ad48-67d9fdc544b6.wav
    넣음    6.4MB  meetings/b077c622-794b-4d66-8b5e-ff7aaae5dd20.wav
    넣음    6.4MB  meetings/bb85f159-874a-417e-988f-34fb21bbed76.wav
    넣음    0.1MB  meetings/da68958a-928e-41c7-b715-3d2e739d32d6.webm
    넣음   19.2MB  recordings/00452368-eca4-440c-b0d0-9eb9a0169ab4.wav
    넣음   21.2MB  recordings/00c746bb-475f-40ed-9ce3-5a8ef2afc887.wav
    넣음    0.5MB  recordings/09e65747-5dde-4c4f-865b-d62b36641c24.wav
    넣음    0.1MB  recordings/0cd3e651-d325-4083-858e-a504c405d17f.webm
    넣음   17.8MB  recordings/14a96071-cb35-41cf-bacc-a60a69b4f5b5.wav
    넣음    6.4MB  recordings/1d59346c-a182-41e3-ac8d-1ceea07ba709.wav
    넣음   19.2MB  recordings/22717a08-8492-4a4d-89ee-17cf7d843660.wav
    넣음    4.1MB  recordings/28c717a9-48e8-47e5-be35-9e816ec9e50a.mp4
    넣음    6.4MB  recordings/28cef276-b85d-4404-aed6-73408b7af057.wav
    넣음    0.1MB  recordings/2971548e-ca3f-4b3b-9a08-7a7be0ea93c1.webm
    넣음   14.7MB  recordings/29a0cf8f-de2b-45cd-8b30-a2394ede1d84.mp4
    넣음   19.2MB  recordings/2ee6494d-0d16-4d8a-a4d8-8740f95ae9d1.wav
    넣음    0.5MB  recordings/2fe06ca0-5e8c-49be-971c-54487dfeaebc.webm
    넣음   14.7MB  recordings/315da0f8-ff4e-4786-a372-6b11f3ece8fa.wav
    넣음   12.6MB  recordings/37fb2c43-795b-4548-ae5a-e115644a9a69.wav
    넣음    0.1MB  recordings/38e1c9f6-55d0-47b2-adfe-2dfd41ce3d8f.webm
    넣음    6.4MB  recordings/3a197586-9038-466f-a016-d40356413b7d.wav
    넣음   21.7MB  recordings/3b09c31a-e2e5-4193-8be4-5937d2654b66.wav
    넣음   15.5MB  recordings/43cfbe7f-125c-4b20-935a-1ed206090cb1.wav
    넣음   19.0MB  recordings/54e7eee1-ccab-43be-880e-7e7112371987.wav
    넣음    5.2MB  recordings/5b747016-db4f-417c-8c86-9578061fca83.wav
    넣음   21.0MB  recordings/5bbe8908-de12-4611-8880-d22ae49b23ed.wav
    넣음    1.2MB  recordings/5f0f7cfa-6daa-48bc-8b64-5aedda784b02.mp4
    넣음    0.6MB  recordings/69a517de-ac1f-47f7-abda-62a34a8a9e2f.wav
    넣음   15.8MB  recordings/6c55587a-e369-4650-a7f9-0cfdf8401aa4.wav
    넣음   19.2MB  recordings/6cd85fb0-dd41-4959-a7ae-cc717190abaf.wav
    넣음   18.7MB  recordings/6e555d9e-ed05-4e0b-b3f5-69823ef0da21.mp4
    넣음    0.3MB  recordings/7c71bf9f-7699-48de-9302-f1eebc3f428f.wav
    넣음   17.5MB  recordings/80e73ccb-52d4-45a5-9a78-69062340f495.wav
    넣음    0.0MB  recordings/825f82a7-9b5e-4490-84ac-a1710ae2f384.webm
    넣음   21.3MB  recordings/8334f792-1c17-4107-9287-051db0a503b2.wav
    넣음   18.0MB  recordings/9f09e84f-2466-41c7-b1f5-3ebafaf746b2.wav
    넣음   24.0MB  recordings/a37445f7-8ac3-46ff-9eb5-5423b08c6c60.wav
    넣음    0.6MB  recordings/b463246c-70c1-482e-a604-391b4c75e364.wav
    넣음    2.0MB  recordings/c2e4c1d7-33b9-4318-aa38-49833e772503.wav
    넣음    6.4MB  recordings/c4936bcd-6e2c-4ceb-a471-d69be72cfe5b.wav
    넣음    4.6MB  recordings/c7239e21-8a7e-4da3-b9d5-bfc85da4c4fc.wav
    넣음   18.4MB  recordings/cccaccde-dd6b-4da0-a484-5ca08124d683.wav
    넣음   17.5MB  recordings/ce74af82-8aa8-483f-9a98-74fad038e4ce.wav
    넣음    6.4MB  recordings/d09147b7-7701-4396-9506-37df7f4ac9a6.wav
    넣음   13.0MB  recordings/d09ac32a-04fa-498d-8049-7a2ea6901640.wav
    넣음   17.8MB  recordings/e1ff1c2c-edfd-4909-ab10-a8e8da48e897.wav
    넣음   18.6MB  recordings/e8c6785c-2238-44d1-800d-9e052d8812b9.wav
    넣음    4.2MB  recordings/ee421117-bb6f-4992-93a9-ba9c328973ad.wav
    넣음    0.9MB  recordings/f215c26c-c4b3-4040-9a44-48891cfe93bb.mp4
    넣음    0.2MB  voice-refs/7eace6c4-79bf-41c4-bfc9-d470a5b14e4e.mp4
  넣음 51개 (511.7MB) · 이미 있음 0개
2026-08-14 20:21Z  실패
  원본 51개 511.7MB · 백업 51개
  넣음 0개 · 이미 있음 51개
  /tmp/backup-sample-0.bin: Invalid data found when processing input
  표본 1개 백업에서 열림 (786초)
  실패 1건
    표본 meetings/5f82a491-cbb9-49d0-ad9b-aef82efb83fe.mp3 — 못 엶: Command failed: ffprobe -v error -show_entries format=duration -of default=noprint_wrappers=1:nokey=1 /tmp/backup-sample-0.bin
  /tmp/backup-sample-0.bin: Invalid data found when processing input
  
2026-08-14 20:27Z  OK
  원본 51개 511.7MB · 백업 51개
  넣음 0개 · 이미 있음 51개
  /tmp/backup-sample-0.bin: Invalid data found when processing input
  /tmp/src-sample-0.bin: Invalid data found when processing input
  표본 2개 백업에서 열림 (139초 · 786초)
    참고: meetings/5f82a491-cbb9-49d0-ad9b-aef82efb83fe.mp3 는 원본도 안 열립니다 (오디오가 아니거나 깨진 파일)
  OK — 원본 51개가 전부 백업되어 있고 크기가 같습니다
2026-08-14 22:04Z  OK
  잠금: **없음** — 이 토큰이 새면 백업이 지워질 수 있습니다
  잠금 30일을 걸었습니다
  원본 51개 511.7MB · 백업 51개
  넣음 0개 · 이미 있음 51개
  /tmp/backup-sample-0.bin: Invalid data found when processing input
  /tmp/src-sample-0.bin: Invalid data found when processing input
  표본 2개 백업에서 열림 (139초 · 786초)
    참고: meetings/5f82a491-cbb9-49d0-ad9b-aef82efb83fe.mp3 는 원본도 안 열립니다 (오디오가 아니거나 깨진 파일)
  OK — 원본 51개가 전부 백업되어 있고 크기가 같습니다
2026-08-15 01:42Z  OK
  잠금: 30일
  원본 51개 511.7MB · 백업 51개
  넣음 0개 · 이미 있음 51개
  /tmp/backup-sample-0.bin: Invalid data found when processing input
  /tmp/src-sample-0.bin: Invalid data found when processing input
  표본 2개 백업에서 열림 (139초 · 786초)
    참고: meetings/5f82a491-cbb9-49d0-ad9b-aef82efb83fe.mp3 는 원본도 안 열립니다 (오디오가 아니거나 깨진 파일)
  OK — 원본 51개가 전부 백업되어 있고 크기가 같습니다
  오프사이트: 미설정 — **계정 밖 사본이 없습니다** (OFFSITE_ACCOUNT_ID·OFFSITE_API_TOKEN)
2026-08-15 08:28Z  OK
  잠금: 30일
  잠금 확인: **지워지지 않았습니다** (DELETE HTTP 200) — 잠금이 삭제를 막습니다
  원본 51개 511.7MB · 백업 52개
  넣음 0개 · 이미 있음 51개
  /tmp/backup-sample-0.bin: Invalid data found when processing input
  /tmp/src-sample-0.bin: Invalid data found when processing input
  표본 2개 백업에서 열림 (139초 · 786초)
    참고: meetings/5f82a491-cbb9-49d0-ad9b-aef82efb83fe.mp3 는 원본도 안 열립니다 (오디오가 아니거나 깨진 파일)
  OK — 원본 51개가 전부 백업되어 있고 크기가 같습니다
  오프사이트: 미설정 — **계정 밖 사본이 없습니다** (OFFSITE_ACCOUNT_ID·OFFSITE_API_TOKEN)
2026-08-15 09:29Z  못봄
  잠금: 못 읽음 — 이 토큰은 버킷 설정을 못 만집니다 (좁혀진 상태)
  실패 — sep-v2-uploads 조회 실패 (HTTP 403) [{"code":10000,"message":"Authentication error"}]
  오프사이트: 미설정 — **계정 밖 사본이 없습니다** (OFFSITE_ACCOUNT_ID·OFFSITE_API_TOKEN)
2026-08-15 09:30Z  실패
  잠금: 못 읽음 — 이 토큰은 버킷 설정을 못 만집니다 (좁혀진 상태)
    sep-v2-uploads: sep-v2-uploads 조회 실패 (HTTP 403) [{"code":10000,"message":"Authentication error"}]
    sep-v2-uploads-backup: sep-v2-uploads-backup 조회 실패 (HTTP 403) [{"code":10000,"message":"Authentication error"}]
  실패 — 객체 목록을 못 읽었습니다
    sep-v2-uploads: 못 읽음
    sep-v2-uploads-backup: 못 읽음
    한쪽만 읽히면 토큰 범위에 그 버킷이 빠진 것이고,
    둘 다 안 읽히면 이 REST API 가 Object 범위 토큰을 받지 않는 것입니다.
  오프사이트: 미설정 — **계정 밖 사본이 없습니다** (OFFSITE_ACCOUNT_ID·OFFSITE_API_TOKEN)
2026-08-15 13:00Z  실패
  잠금: 못 읽음 — 이 토큰은 버킷 설정을 못 만집니다 (좁혀진 상태)
    sep-v2-uploads: sep-v2-uploads 조회 실패 (HTTP 403) [{"code":10000,"message":"Authentication error"}]
    sep-v2-uploads-backup: sep-v2-uploads-backup 조회 실패 (HTTP 403) [{"code":10000,"message":"Authentication error"}]
  실패 — 객체 목록을 못 읽었습니다
    sep-v2-uploads: 못 읽음
    sep-v2-uploads-backup: 못 읽음
    한쪽만 읽히면 토큰 범위에 그 버킷이 빠진 것이고,
    둘 다 안 읽히면 이 REST API 가 Object 범위 토큰을 받지 않는 것입니다.
  오프사이트: 미설정 — **계정 밖 사본이 없습니다** (OFFSITE_ACCOUNT_ID·OFFSITE_API_TOKEN)
2026-08-15 18:48Z  실패
  잠금: 못 읽음 — 이 토큰은 버킷 설정을 못 만집니다 (좁혀진 상태)
    sep-v2-uploads: sep-v2-uploads 조회 실패 (HTTP 403) [{"code":10000,"message":"Authentication error"}]
    sep-v2-uploads-backup: sep-v2-uploads-backup 조회 실패 (HTTP 403) [{"code":10000,"message":"Authentication error"}]
  실패 — 객체 목록을 못 읽었습니다
    sep-v2-uploads: 못 읽음
    sep-v2-uploads-backup: 못 읽음
    한쪽만 읽히면 토큰 범위에 그 버킷이 빠진 것이고,
    둘 다 안 읽히면 이 REST API 가 Object 범위 토큰을 받지 않는 것입니다.
  오프사이트: 미설정 — **계정 밖 사본이 없습니다** (OFFSITE_ACCOUNT_ID·OFFSITE_API_TOKEN)
2026-08-18 03:47Z  실패
  잠금: 못 읽음 — 이 토큰은 버킷 설정을 못 만집니다 (좁혀진 상태)
    sep-v2-uploads: sep-v2-uploads 조회 실패 (HTTP 403) [{"code":10000,"message":"Authentication error"}]
    sep-v2-uploads-backup: sep-v2-uploads-backup 조회 실패 (HTTP 403) [{"code":10000,"message":"Authentication error"}]
  실패 — 객체 목록을 못 읽었습니다
    sep-v2-uploads: 못 읽음
    sep-v2-uploads-backup: 못 읽음
    한쪽만 읽히면 토큰 범위에 그 버킷이 빠진 것이고,
    둘 다 안 읽히면 이 REST API 가 Object 범위 토큰을 받지 않는 것입니다.
  오프사이트: 미설정 — **계정 밖 사본이 없습니다** (OFFSITE_ACCOUNT_ID·OFFSITE_API_TOKEN)
2026-08-18 07:07Z  실패
  잠금: 못 읽음 — 이 토큰은 버킷 설정을 못 만집니다 (좁혀진 상태)
    sep-v2-uploads: sep-v2-uploads 조회 실패 (HTTP 403) [{"code":10000,"message":"Authentication error"}]
    sep-v2-uploads-backup: sep-v2-uploads-backup 조회 실패 (HTTP 403) [{"code":10000,"message":"Authentication error"}]
  실패 — 객체 목록을 못 읽었습니다
    sep-v2-uploads: 못 읽음
    sep-v2-uploads-backup: 못 읽음
    한쪽만 읽히면 토큰 범위에 그 버킷이 빠진 것이고,
    둘 다 안 읽히면 이 REST API 가 Object 범위 토큰을 받지 않는 것입니다.
  오프사이트: 미설정 — **계정 밖 사본이 없습니다** (OFFSITE_ACCOUNT_ID·OFFSITE_API_TOKEN)
2026-08-18 13:10Z  실패
  잠금: 못 읽음 — 이 토큰은 버킷 설정을 못 만집니다 (좁혀진 상태)
    sep-v2-uploads: sep-v2-uploads 조회 실패 (HTTP 403) [{"code":10000,"message":"Authentication error"}]
    sep-v2-uploads-backup: sep-v2-uploads-backup 조회 실패 (HTTP 403) [{"code":10000,"message":"Authentication error"}]
  실패 — 객체 목록을 못 읽었습니다
    sep-v2-uploads: 못 읽음
    sep-v2-uploads-backup: 못 읽음
    한쪽만 읽히면 토큰 범위에 그 버킷이 빠진 것이고,
    둘 다 안 읽히면 이 REST API 가 Object 범위 토큰을 받지 않는 것입니다.
  오프사이트: 미설정 — **계정 밖 사본이 없습니다** (OFFSITE_ACCOUNT_ID·OFFSITE_API_TOKEN)
2026-08-18 18:58Z  실패
  잠금: 못 읽음 — 이 토큰은 버킷 설정을 못 만집니다 (좁혀진 상태)
    sep-v2-uploads: sep-v2-uploads 조회 실패 (HTTP 403) [{"code":10000,"message":"Authentication error"}]
    sep-v2-uploads-backup: sep-v2-uploads-backup 조회 실패 (HTTP 403) [{"code":10000,"message":"Authentication error"}]
  실패 — 객체 목록을 못 읽었습니다
    sep-v2-uploads: 못 읽음
    sep-v2-uploads-backup: 못 읽음
    한쪽만 읽히면 토큰 범위에 그 버킷이 빠진 것이고,
    둘 다 안 읽히면 이 REST API 가 Object 범위 토큰을 받지 않는 것입니다.
  오프사이트: 미설정 — **계정 밖 사본이 없습니다** (OFFSITE_ACCOUNT_ID·OFFSITE_API_TOKEN)
2026-08-19 02:10Z  실패
  잠금: 못 읽음 — 이 토큰은 버킷 설정을 못 만집니다 (좁혀진 상태)
    sep-v2-uploads: sep-v2-uploads 조회 실패 (HTTP 403) [{"code":10000,"message":"Authentication error"}]
    sep-v2-uploads-backup: sep-v2-uploads-backup 조회 실패 (HTTP 403) [{"code":10000,"message":"Authentication error"}]
  실패 — 객체 목록을 못 읽었습니다
    sep-v2-uploads: 못 읽음
    sep-v2-uploads-backup: 못 읽음
    한쪽만 읽히면 토큰 범위에 그 버킷이 빠진 것이고,
    둘 다 안 읽히면 이 REST API 가 Object 범위 토큰을 받지 않는 것입니다.
  오프사이트: 미설정 — **계정 밖 사본이 없습니다** (OFFSITE_ACCOUNT_ID·OFFSITE_API_TOKEN)
2026-08-19 07:10Z  실패
  잠금: 못 읽음 — 이 토큰은 버킷 설정을 못 만집니다 (좁혀진 상태)
    sep-v2-uploads: sep-v2-uploads 조회 실패 (HTTP 403) [{"code":10000,"message":"Authentication error"}]
    sep-v2-uploads-backup: sep-v2-uploads-backup 조회 실패 (HTTP 403) [{"code":10000,"message":"Authentication error"}]
  실패 — 객체 목록을 못 읽었습니다
    sep-v2-uploads: 못 읽음
    sep-v2-uploads-backup: 못 읽음
    한쪽만 읽히면 토큰 범위에 그 버킷이 빠진 것이고,
    둘 다 안 읽히면 이 REST API 가 Object 범위 토큰을 받지 않는 것입니다.
  오프사이트: 미설정 — **계정 밖 사본이 없습니다** (OFFSITE_ACCOUNT_ID·OFFSITE_API_TOKEN)
2026-08-19 13:11Z  실패
  잠금: 못 읽음 — 이 토큰은 버킷 설정을 못 만집니다 (좁혀진 상태)
    sep-v2-uploads: sep-v2-uploads 조회 실패 (HTTP 403) [{"code":10000,"message":"Authentication error"}]
    sep-v2-uploads-backup: sep-v2-uploads-backup 조회 실패 (HTTP 403) [{"code":10000,"message":"Authentication error"}]
  실패 — 객체 목록을 못 읽었습니다
    sep-v2-uploads: 못 읽음
    sep-v2-uploads-backup: 못 읽음
    한쪽만 읽히면 토큰 범위에 그 버킷이 빠진 것이고,
    둘 다 안 읽히면 이 REST API 가 Object 범위 토큰을 받지 않는 것입니다.
  오프사이트: 미설정 — **계정 밖 사본이 없습니다** (OFFSITE_ACCOUNT_ID·OFFSITE_API_TOKEN)
2026-08-19 18:57Z  실패
  잠금: 못 읽음 — 이 토큰은 버킷 설정을 못 만집니다 (좁혀진 상태)
    sep-v2-uploads: sep-v2-uploads 조회 실패 (HTTP 401) [{"code":10000,"message":"Authentication error"}]
    sep-v2-uploads-backup: sep-v2-uploads-backup 조회 실패 (HTTP 401) [{"code":10000,"message":"Authentication error"}]
  실패 — 객체 목록을 못 읽었습니다
    sep-v2-uploads: 못 읽음
    sep-v2-uploads-backup: 못 읽음
    한쪽만 읽히면 토큰 범위에 그 버킷이 빠진 것이고,
    둘 다 안 읽히면 이 REST API 가 Object 범위 토큰을 받지 않는 것입니다.
  오프사이트: 미설정 — **계정 밖 사본이 없습니다** (OFFSITE_ACCOUNT_ID·OFFSITE_API_TOKEN)
2026-08-20 01:53Z  실패
  잠금: 못 읽음 — 이 토큰은 버킷 설정을 못 만집니다 (좁혀진 상태)
    sep-v2-uploads: sep-v2-uploads 조회 실패 (HTTP 401) [{"code":10000,"message":"Authentication error"}]
    sep-v2-uploads-backup: sep-v2-uploads-backup 조회 실패 (HTTP 401) [{"code":10000,"message":"Authentication error"}]
  실패 — 객체 목록을 못 읽었습니다
    sep-v2-uploads: 못 읽음
    sep-v2-uploads-backup: 못 읽음
    한쪽만 읽히면 토큰 범위에 그 버킷이 빠진 것이고,
    둘 다 안 읽히면 이 REST API 가 Object 범위 토큰을 받지 않는 것입니다.
  오프사이트: 미설정 — **계정 밖 사본이 없습니다** (OFFSITE_ACCOUNT_ID·OFFSITE_API_TOKEN)
2026-08-20 07:07Z  실패
  잠금: 못 읽음 — 이 토큰은 버킷 설정을 못 만집니다 (좁혀진 상태)
    sep-v2-uploads: sep-v2-uploads 조회 실패 (HTTP 401) [{"code":10000,"message":"Authentication error"}]
    sep-v2-uploads-backup: sep-v2-uploads-backup 조회 실패 (HTTP 401) [{"code":10000,"message":"Authentication error"}]
  실패 — 객체 목록을 못 읽었습니다
    sep-v2-uploads: 못 읽음
    sep-v2-uploads-backup: 못 읽음
    한쪽만 읽히면 토큰 범위에 그 버킷이 빠진 것이고,
    둘 다 안 읽히면 이 REST API 가 Object 범위 토큰을 받지 않는 것입니다.
  오프사이트: 미설정 — **계정 밖 사본이 없습니다** (OFFSITE_ACCOUNT_ID·OFFSITE_API_TOKEN)
2026-08-20 13:12Z  실패
  잠금: 못 읽음 — 이 토큰은 버킷 설정을 못 만집니다 (좁혀진 상태)
    sep-v2-uploads: sep-v2-uploads 조회 실패 (HTTP 401) [{"code":10000,"message":"Authentication error"}]
    sep-v2-uploads-backup: sep-v2-uploads-backup 조회 실패 (HTTP 401) [{"code":10000,"message":"Authentication error"}]
  실패 — 객체 목록을 못 읽었습니다
    sep-v2-uploads: 못 읽음
    sep-v2-uploads-backup: 못 읽음
    한쪽만 읽히면 토큰 범위에 그 버킷이 빠진 것이고,
    둘 다 안 읽히면 이 REST API 가 Object 범위 토큰을 받지 않는 것입니다.
  오프사이트: 미설정 — **계정 밖 사본이 없습니다** (OFFSITE_ACCOUNT_ID·OFFSITE_API_TOKEN)
2026-08-20 19:01Z  실패
  잠금: 못 읽음 — 이 토큰은 버킷 설정을 못 만집니다 (좁혀진 상태)
    sep-v2-uploads: sep-v2-uploads 조회 실패 (HTTP 401) [{"code":10000,"message":"Authentication error"}]
    sep-v2-uploads-backup: sep-v2-uploads-backup 조회 실패 (HTTP 401) [{"code":10000,"message":"Authentication error"}]
  실패 — 객체 목록을 못 읽었습니다
    sep-v2-uploads: 못 읽음
    sep-v2-uploads-backup: 못 읽음
    한쪽만 읽히면 토큰 범위에 그 버킷이 빠진 것이고,
    둘 다 안 읽히면 이 REST API 가 Object 범위 토큰을 받지 않는 것입니다.
  오프사이트: 미설정 — **계정 밖 사본이 없습니다** (OFFSITE_ACCOUNT_ID·OFFSITE_API_TOKEN)
2026-08-21 01:59Z  실패
  잠금: 못 읽음 — 이 토큰은 버킷 설정을 못 만집니다 (좁혀진 상태)
    sep-v2-uploads: sep-v2-uploads 조회 실패 (HTTP 403) [{"code":10000,"message":"Authentication error","documentation_url":"https://developers.cloudflare.com/api/resources/r2/subresources/buckets/subresources/object
    sep-v2-uploads-backup: sep-v2-uploads-backup 조회 실패 (HTTP 403) [{"code":10000,"message":"Authentication error","documentation_url":"https://developers.cloudflare.com/api/resources/r2/subresources/buckets/subresources/object
  실패 — 객체 목록을 못 읽었습니다
    sep-v2-uploads: 못 읽음
    sep-v2-uploads-backup: 못 읽음
    한쪽만 읽히면 토큰 범위에 그 버킷이 빠진 것이고,
    둘 다 안 읽히면 이 REST API 가 Object 범위 토큰을 받지 않는 것입니다.
  오프사이트: 미설정 — **계정 밖 사본이 없습니다** (OFFSITE_ACCOUNT_ID·OFFSITE_API_TOKEN)
2026-08-21 07:09Z  실패
  잠금: 못 읽음 — 이 토큰은 버킷 설정을 못 만집니다 (좁혀진 상태)
    sep-v2-uploads: sep-v2-uploads 조회 실패 (HTTP 403) [{"code":10000,"message":"Authentication error","documentation_url":"https://developers.cloudflare.com/api/resources/r2/subresources/buckets/subresources/object
    sep-v2-uploads-backup: sep-v2-uploads-backup 조회 실패 (HTTP 403) [{"code":10000,"message":"Authentication error","documentation_url":"https://developers.cloudflare.com/api/resources/r2/subresources/buckets/subresources/object
  실패 — 객체 목록을 못 읽었습니다
    sep-v2-uploads: 못 읽음
    sep-v2-uploads-backup: 못 읽음
    한쪽만 읽히면 토큰 범위에 그 버킷이 빠진 것이고,
    둘 다 안 읽히면 이 REST API 가 Object 범위 토큰을 받지 않는 것입니다.
  오프사이트: 미설정 — **계정 밖 사본이 없습니다** (OFFSITE_ACCOUNT_ID·OFFSITE_API_TOKEN)
2026-08-21 13:13Z  실패
  잠금: 못 읽음 — 이 토큰은 버킷 설정을 못 만집니다 (좁혀진 상태)
    sep-v2-uploads: sep-v2-uploads 조회 실패 (HTTP 403) [{"code":10000,"message":"Authentication error","documentation_url":"https://developers.cloudflare.com/api/resources/r2/subresources/buckets/subresources/object
    sep-v2-uploads-backup: sep-v2-uploads-backup 조회 실패 (HTTP 403) [{"code":10000,"message":"Authentication error","documentation_url":"https://developers.cloudflare.com/api/resources/r2/subresources/buckets/subresources/object
  실패 — 객체 목록을 못 읽었습니다
    sep-v2-uploads: 못 읽음
    sep-v2-uploads-backup: 못 읽음
    한쪽만 읽히면 토큰 범위에 그 버킷이 빠진 것이고,
    둘 다 안 읽히면 이 REST API 가 Object 범위 토큰을 받지 않는 것입니다.
  오프사이트: 미설정 — **계정 밖 사본이 없습니다** (OFFSITE_ACCOUNT_ID·OFFSITE_API_TOKEN)
2026-08-21 18:58Z  실패
  잠금: 못 읽음 — 이 토큰은 버킷 설정을 못 만집니다 (좁혀진 상태)
    sep-v2-uploads: sep-v2-uploads 조회 실패 (HTTP 403) [{"code":10000,"message":"Authentication error","documentation_url":"https://developers.cloudflare.com/api/resources/r2/subresources/buckets/subresources/object
    sep-v2-uploads-backup: sep-v2-uploads-backup 조회 실패 (HTTP 403) [{"code":10000,"message":"Authentication error","documentation_url":"https://developers.cloudflare.com/api/resources/r2/subresources/buckets/subresources/object
  실패 — 객체 목록을 못 읽었습니다
    sep-v2-uploads: 못 읽음
    sep-v2-uploads-backup: 못 읽음
    한쪽만 읽히면 토큰 범위에 그 버킷이 빠진 것이고,
    둘 다 안 읽히면 이 REST API 가 Object 범위 토큰을 받지 않는 것입니다.
  오프사이트: 미설정 — **계정 밖 사본이 없습니다** (OFFSITE_ACCOUNT_ID·OFFSITE_API_TOKEN)
2026-08-22 01:52Z  실패
  잠금: 못 읽음 — 이 토큰은 버킷 설정을 못 만집니다 (좁혀진 상태)
    sep-v2-uploads: sep-v2-uploads 조회 실패 (HTTP 403) [{"code":10000,"message":"Authentication error","documentation_url":"https://developers.cloudflare.com/api/resources/r2/subresources/buckets/subresources/object
    sep-v2-uploads-backup: sep-v2-uploads-backup 조회 실패 (HTTP 403) [{"code":10000,"message":"Authentication error","documentation_url":"https://developers.cloudflare.com/api/resources/r2/subresources/buckets/subresources/object
  실패 — 객체 목록을 못 읽었습니다
    sep-v2-uploads: 못 읽음
    sep-v2-uploads-backup: 못 읽음
    한쪽만 읽히면 토큰 범위에 그 버킷이 빠진 것이고,
    둘 다 안 읽히면 이 REST API 가 Object 범위 토큰을 받지 않는 것입니다.
  오프사이트: 미설정 — **계정 밖 사본이 없습니다** (OFFSITE_ACCOUNT_ID·OFFSITE_API_TOKEN)
2026-08-22 07:01Z  실패
  잠금: 못 읽음 — 이 토큰은 버킷 설정을 못 만집니다 (좁혀진 상태)
    sep-v2-uploads: sep-v2-uploads 조회 실패 (HTTP 403) [{"code":10000,"message":"Authentication error","documentation_url":"https://developers.cloudflare.com/api/resources/r2/subresources/buckets/subresources/object
    sep-v2-uploads-backup: sep-v2-uploads-backup 조회 실패 (HTTP 403) [{"code":10000,"message":"Authentication error","documentation_url":"https://developers.cloudflare.com/api/resources/r2/subresources/buckets/subresources/object
  실패 — 객체 목록을 못 읽었습니다
    sep-v2-uploads: 못 읽음
    sep-v2-uploads-backup: 못 읽음
    한쪽만 읽히면 토큰 범위에 그 버킷이 빠진 것이고,
    둘 다 안 읽히면 이 REST API 가 Object 범위 토큰을 받지 않는 것입니다.
  오프사이트: 미설정 — **계정 밖 사본이 없습니다** (OFFSITE_ACCOUNT_ID·OFFSITE_API_TOKEN)
2026-08-22 13:02Z  실패
  잠금: 못 읽음 — 이 토큰은 버킷 설정을 못 만집니다 (좁혀진 상태)
    sep-v2-uploads: sep-v2-uploads 조회 실패 (HTTP 403) [{"code":10000,"message":"Authentication error","documentation_url":"https://developers.cloudflare.com/api/resources/r2/subresources/buckets/subresources/object
    sep-v2-uploads-backup: sep-v2-uploads-backup 조회 실패 (HTTP 403) [{"code":10000,"message":"Authentication error","documentation_url":"https://developers.cloudflare.com/api/resources/r2/subresources/buckets/subresources/object
  실패 — 객체 목록을 못 읽었습니다
    sep-v2-uploads: 못 읽음
    sep-v2-uploads-backup: 못 읽음
    한쪽만 읽히면 토큰 범위에 그 버킷이 빠진 것이고,
    둘 다 안 읽히면 이 REST API 가 Object 범위 토큰을 받지 않는 것입니다.
  오프사이트: 미설정 — **계정 밖 사본이 없습니다** (OFFSITE_ACCOUNT_ID·OFFSITE_API_TOKEN)
2026-08-22 18:50Z  실패
  잠금: 못 읽음 — 이 토큰은 버킷 설정을 못 만집니다 (좁혀진 상태)
    sep-v2-uploads: sep-v2-uploads 조회 실패 (HTTP 403) [{"code":10000,"message":"Authentication error","documentation_url":"https://developers.cloudflare.com/api/resources/r2/subresources/buckets/subresources/object
    sep-v2-uploads-backup: sep-v2-uploads-backup 조회 실패 (HTTP 403) [{"code":10000,"message":"Authentication error","documentation_url":"https://developers.cloudflare.com/api/resources/r2/subresources/buckets/subresources/object
  실패 — 객체 목록을 못 읽었습니다
    sep-v2-uploads: 못 읽음
    sep-v2-uploads-backup: 못 읽음
    한쪽만 읽히면 토큰 범위에 그 버킷이 빠진 것이고,
    둘 다 안 읽히면 이 REST API 가 Object 범위 토큰을 받지 않는 것입니다.
  오프사이트: 미설정 — **계정 밖 사본이 없습니다** (OFFSITE_ACCOUNT_ID·OFFSITE_API_TOKEN)
2026-08-23 02:01Z  실패
  잠금: 못 읽음 — 이 토큰은 버킷 설정을 못 만집니다 (좁혀진 상태)
    sep-v2-uploads: sep-v2-uploads 조회 실패 (HTTP 403) [{"code":10000,"message":"Authentication error","documentation_url":"https://developers.cloudflare.com/api/resources/r2/subresources/buckets/subresources/object
    sep-v2-uploads-backup: sep-v2-uploads-backup 조회 실패 (HTTP 403) [{"code":10000,"message":"Authentication error","documentation_url":"https://developers.cloudflare.com/api/resources/r2/subresources/buckets/subresources/object
  실패 — 객체 목록을 못 읽었습니다
    sep-v2-uploads: 못 읽음
    sep-v2-uploads-backup: 못 읽음
    한쪽만 읽히면 토큰 범위에 그 버킷이 빠진 것이고,
    둘 다 안 읽히면 이 REST API 가 Object 범위 토큰을 받지 않는 것입니다.
  오프사이트: 미설정 — **계정 밖 사본이 없습니다** (OFFSITE_ACCOUNT_ID·OFFSITE_API_TOKEN)
2026-08-23 07:03Z  실패
  잠금: 못 읽음 — 이 토큰은 버킷 설정을 못 만집니다 (좁혀진 상태)
    sep-v2-uploads: sep-v2-uploads 조회 실패 (HTTP 403) [{"code":10000,"message":"Authentication error","documentation_url":"https://developers.cloudflare.com/api/resources/r2/subresources/buckets/subresources/object
    sep-v2-uploads-backup: sep-v2-uploads-backup 조회 실패 (HTTP 403) [{"code":10000,"message":"Authentication error","documentation_url":"https://developers.cloudflare.com/api/resources/r2/subresources/buckets/subresources/object
  실패 — 객체 목록을 못 읽었습니다
    sep-v2-uploads: 못 읽음
    sep-v2-uploads-backup: 못 읽음
    한쪽만 읽히면 토큰 범위에 그 버킷이 빠진 것이고,
    둘 다 안 읽히면 이 REST API 가 Object 범위 토큰을 받지 않는 것입니다.
  오프사이트: 미설정 — **계정 밖 사본이 없습니다** (OFFSITE_ACCOUNT_ID·OFFSITE_API_TOKEN)
2026-08-23 13:04Z  실패
  잠금: 못 읽음 — 이 토큰은 버킷 설정을 못 만집니다 (좁혀진 상태)
    sep-v2-uploads: sep-v2-uploads 조회 실패 (HTTP 403) [{"code":10000,"message":"Authentication error","documentation_url":"https://developers.cloudflare.com/api/resources/r2/subresources/buckets/subresources/object
    sep-v2-uploads-backup: sep-v2-uploads-backup 조회 실패 (HTTP 403) [{"code":10000,"message":"Authentication error","documentation_url":"https://developers.cloudflare.com/api/resources/r2/subresources/buckets/subresources/object
  실패 — 객체 목록을 못 읽었습니다
    sep-v2-uploads: 못 읽음
    sep-v2-uploads-backup: 못 읽음
    한쪽만 읽히면 토큰 범위에 그 버킷이 빠진 것이고,
    둘 다 안 읽히면 이 REST API 가 Object 범위 토큰을 받지 않는 것입니다.
  오프사이트: 미설정 — **계정 밖 사본이 없습니다** (OFFSITE_ACCOUNT_ID·OFFSITE_API_TOKEN)
2026-08-23 18:49Z  실패
  잠금: 못 읽음 — 이 토큰은 버킷 설정을 못 만집니다 (좁혀진 상태)
    sep-v2-uploads: sep-v2-uploads 조회 실패 (HTTP 403) [{"code":10000,"message":"Authentication error","documentation_url":"https://developers.cloudflare.com/api/resources/r2/subresources/buckets/subresources/object
    sep-v2-uploads-backup: sep-v2-uploads-backup 조회 실패 (HTTP 403) [{"code":10000,"message":"Authentication error","documentation_url":"https://developers.cloudflare.com/api/resources/r2/subresources/buckets/subresources/object
  실패 — 객체 목록을 못 읽었습니다
    sep-v2-uploads: 못 읽음
    sep-v2-uploads-backup: 못 읽음
    한쪽만 읽히면 토큰 범위에 그 버킷이 빠진 것이고,
    둘 다 안 읽히면 이 REST API 가 Object 범위 토큰을 받지 않는 것입니다.
  오프사이트: 미설정 — **계정 밖 사본이 없습니다** (OFFSITE_ACCOUNT_ID·OFFSITE_API_TOKEN)
2026-08-24 01:59Z  실패
  잠금: 못 읽음 — 이 토큰은 버킷 설정을 못 만집니다 (좁혀진 상태)
    sep-v2-uploads: sep-v2-uploads 조회 실패 (HTTP 403) [{"code":10000,"message":"Authentication error","documentation_url":"https://developers.cloudflare.com/api/resources/r2/subresources/buckets/subresources/object
    sep-v2-uploads-backup: sep-v2-uploads-backup 조회 실패 (HTTP 403) [{"code":10000,"message":"Authentication error","documentation_url":"https://developers.cloudflare.com/api/resources/r2/subresources/buckets/subresources/object
  실패 — 객체 목록을 못 읽었습니다
    sep-v2-uploads: 못 읽음
    sep-v2-uploads-backup: 못 읽음
    한쪽만 읽히면 토큰 범위에 그 버킷이 빠진 것이고,
    둘 다 안 읽히면 이 REST API 가 Object 범위 토큰을 받지 않는 것입니다.
  오프사이트: 미설정 — **계정 밖 사본이 없습니다** (OFFSITE_ACCOUNT_ID·OFFSITE_API_TOKEN)
2026-08-24 07:30Z  실패
  잠금: 못 읽음 — 이 토큰은 버킷 설정을 못 만집니다 (좁혀진 상태)
    sep-v2-uploads: sep-v2-uploads 조회 실패 (HTTP 403) [{"code":10000,"message":"Authentication error","documentation_url":"https://developers.cloudflare.com/api/resources/r2/subresources/buckets/subresources/object
    sep-v2-uploads-backup: sep-v2-uploads-backup 조회 실패 (HTTP 403) [{"code":10000,"message":"Authentication error","documentation_url":"https://developers.cloudflare.com/api/resources/r2/subresources/buckets/subresources/object
  실패 — 객체 목록을 못 읽었습니다
    sep-v2-uploads: 못 읽음
    sep-v2-uploads-backup: 못 읽음
    한쪽만 읽히면 토큰 범위에 그 버킷이 빠진 것이고,
    둘 다 안 읽히면 이 REST API 가 Object 범위 토큰을 받지 않는 것입니다.
  오프사이트: 미설정 — **계정 밖 사본이 없습니다** (OFFSITE_ACCOUNT_ID·OFFSITE_API_TOKEN)
2026-08-24 08:32Z  못봄
  못봄 — CF_ACCOUNT_ID·R2_ACCESS_KEY_ID·R2_SECRET_ACCESS_KEY 가 없습니다
    R2 API 토큰 발급 화면에 Access Key ID 와 Secret Access Key 가 함께 나옵니다.
    토큰 등급은 **Object Read & Write** 로 충분합니다 — 그것이 이 설계의 값입니다.
  오프사이트: 미설정 — **계정 밖 사본이 없습니다** (OFFSITE_ACCOUNT_ID·OFFSITE_API_TOKEN)
2026-08-24 13:15Z  못봄
  못봄 — 자격증명이 모자랍니다
    CF_ACCOUNT_ID  있음 · 32자
    R2_ACCESS_KEY_ID  **비어 있음** — 값 없이 등록된 것 같습니다
    R2_SECRET_ACCESS_KEY  **비어 있음** — 값 없이 등록된 것 같습니다
    R2 API 토큰 발급 화면에 Access Key ID 와 Secret Access Key 가 함께 나옵니다.
    토큰 등급은 **Object Read & Write** 로 충분합니다 — 그것이 이 설계의 값입니다.
    **없음** 이 있다면 흔한 원인 셋:
      · Secrets 가 아니라 Variables 에 넣었다 (같은 화면의 다른 탭이다)
      · Repository 가 아니라 Environment 시크릿으로 넣었다 (워크플로가 environment 를 안 쓴다)
      · 이름 철자가 다르다 — 위에 적힌 이름과 글자까지 같아야 한다
  오프사이트: 미설정 — **계정 밖 사본이 없습니다** (OFFSITE_ACCOUNT_ID·OFFSITE_API_TOKEN)
2026-08-24 19:01Z  못봄
  못봄 — 자격증명이 모자랍니다
    CF_ACCOUNT_ID  있음 · 32자
    R2_ACCESS_KEY_ID  **비어 있음** — 값 없이 등록된 것 같습니다
    R2_SECRET_ACCESS_KEY  **비어 있음** — 값 없이 등록된 것 같습니다
    R2 API 토큰 발급 화면에 Access Key ID 와 Secret Access Key 가 함께 나옵니다.
    토큰 등급은 **Object Read & Write** 로 충분합니다 — 그것이 이 설계의 값입니다.
    **없음** 이 있다면 흔한 원인 셋:
      · Secrets 가 아니라 Variables 에 넣었다 (같은 화면의 다른 탭이다)
      · Repository 가 아니라 Environment 시크릿으로 넣었다 (워크플로가 environment 를 안 쓴다)
      · 이름 철자가 다르다 — 위에 적힌 이름과 글자까지 같아야 한다
  오프사이트: 미설정 — **계정 밖 사본이 없습니다** (OFFSITE_ACCOUNT_ID·OFFSITE_API_TOKEN)
2026-08-25 01:54Z  못봄
  못봄 — 자격증명이 모자랍니다
    CF_ACCOUNT_ID  있음 · 32자
    R2_ACCESS_KEY_ID  있음 · 32자
    R2_SECRET_ACCESS_KEY  **비어 있음** — 값 없이 등록된 것 같습니다
    R2 API 토큰 발급 화면에 Access Key ID 와 Secret Access Key 가 함께 나옵니다.
    토큰 등급은 **Object Read & Write** 로 충분합니다 — 그것이 이 설계의 값입니다.
    **없음** 이 있다면 흔한 원인 셋:
      · Secrets 가 아니라 Variables 에 넣었다 (같은 화면의 다른 탭이다)
      · Repository 가 아니라 Environment 시크릿으로 넣었다 (워크플로가 environment 를 안 쓴다)
      · 이름 철자가 다르다 — 위에 적힌 이름과 글자까지 같아야 한다
  오프사이트: 미설정 — **계정 밖 사본이 없습니다** (OFFSITE_ACCOUNT_ID·OFFSITE_API_TOKEN)
2026-08-25 01:55Z  실패
  잠금: 못 읽음 — 이 토큰은 버킷 설정을 못 만집니다 (좁혀진 상태)
  실패 — **백업 키가 하나도 안 맞습니다.** 규칙이 어긋난 것 같습니다
    원본 84개 · 백업 52개인데 겹치는 키가 0개입니다
    원본 예시: meetings/5f82a491-cbb9-49d0-ad9b-aef82efb83fe.mp3/2026-08-09T00:19:01.084Z
    백업 예시: _locktest/probe.txt
    이대로 올리면 버킷 전체가 새 이름으로 한 벌 더 쌓입니다. 확인하고 다시 도세요.
    (일부러 규칙을 바꾼 것이라면 ALLOW_REKEY=1 로 넘길 수 있습니다)
  오프사이트: 미설정 — **계정 밖 사본이 없습니다** (OFFSITE_ACCOUNT_ID·OFFSITE_API_TOKEN)
2026-08-25 01:57Z  실패
  잠금: 못 읽음 — 이 토큰은 버킷 설정을 못 만집니다 (좁혀진 상태)
  실패 — **백업 키가 하나도 안 맞습니다.** 규칙이 어긋난 것 같습니다
    원본 84개 · 백업 52개인데 겹치는 키가 0개입니다
    meetings/5f82a491-cbb9-49d0-ad9b-aef82efb83fe.mp3
      원본이 기대하는 꼬리: 2026-08-09T00:19:01.084Z
      백업에 실제로 있는 것: undefined
    meetings/80eca180-b496-4947-ad48-67d9fdc544b6.wav
      원본이 기대하는 꼬리: 2026-08-09T00:19:03.431Z
      백업에 실제로 있는 것: undefined
    meetings/b077c622-794b-4d66-8b5e-ff7aaae5dd20.wav
      원본이 기대하는 꼬리: 2026-08-09T00:19:05.674Z
      백업에 실제로 있는 것: undefined
    이대로 올리면 버킷 전체가 새 이름으로 한 벌 더 쌓입니다. 확인하고 다시 도세요.
    (일부러 규칙을 바꾼 것이라면 ALLOW_REKEY=1 로 넘길 수 있습니다)
  오프사이트: 미설정 — **계정 밖 사본이 없습니다** (OFFSITE_ACCOUNT_ID·OFFSITE_API_TOKEN)
2026-08-25 02:02Z  실패
  잠금: 못 읽음 — 이 토큰은 버킷 설정을 못 만집니다 (좁혀진 상태)
  실패 — **백업 키가 하나도 안 맞습니다.** 규칙이 어긋난 것 같습니다
    원본 84개 · 백업 52개인데 겹치는 키가 0개입니다
    meetings/5f82a491-cbb9-49d0-ad9b-aef82efb83fe.mp3
      원본이 기대하는 꼬리: 2026-08-09T00:19:01.084Z
      백업에 실제로 있는 것: undefined
    meetings/80eca180-b496-4947-ad48-67d9fdc544b6.wav
      원본이 기대하는 꼬리: 2026-08-09T00:19:03.431Z
      백업에 실제로 있는 것: undefined
    meetings/b077c622-794b-4d66-8b5e-ff7aaae5dd20.wav
      원본이 기대하는 꼬리: 2026-08-09T00:19:05.674Z
      백업에 실제로 있는 것: undefined
    이대로 올리면 버킷 전체가 새 이름으로 한 벌 더 쌓입니다. 확인하고 다시 도세요.
    (일부러 규칙을 바꾼 것이라면 ALLOW_REKEY=1 로 넘길 수 있습니다)
    ALLOW_REKEY=1 — 그대로 진행합니다
  원본 84개 879.0MB · 백업 52개
  넣음 0개 · 이미 있음 0개
  실패 168건
    meetings/5f82a491-cbb9-49d0-ad9b-aef82efb83fe.mp3 — 쓰기 HTTP 403
    meetings/80eca180-b496-4947-ad48-67d9fdc544b6.wav — 쓰기 HTTP 403
    meetings/b077c622-794b-4d66-8b5e-ff7aaae5dd20.wav — 쓰기 HTTP 403
    meetings/bb85f159-874a-417e-988f-34fb21bbed76.wav — 쓰기 HTTP 403
    meetings/da68958a-928e-41c7-b715-3d2e739d32d6.webm — 쓰기 HTTP 403
    recordings/00452368-eca4-440c-b0d0-9eb9a0169ab4.wav — 쓰기 HTTP 403
    recordings/009627bc-b14a-4d34-9881-8609cb195732.webm — 쓰기 HTTP 502
    recordings/00c746bb-475f-40ed-9ce3-5a8ef2afc887.wav — 쓰기 HTTP 403
    recordings/04d857cd-bdd1-49c3-842d-601594666534.wav — 쓰기 HTTP 403
    recordings/09e65747-5dde-4c4f-865b-d62b36641c24.wav — 쓰기 HTTP 403
    … 그 밖 158건
  오프사이트: 미설정 — **계정 밖 사본이 없습니다** (OFFSITE_ACCOUNT_ID·OFFSITE_API_TOKEN)
2026-08-25 02:34Z  실패
  잠금: 못 읽음 — 이 토큰은 버킷 설정을 못 만집니다 (좁혀진 상태)
  실패 — **백업 키가 하나도 안 맞습니다.** 규칙이 어긋난 것 같습니다
    원본 84개 · 백업 52개인데 겹치는 키가 0개입니다
    meetings/5f82a491-cbb9-49d0-ad9b-aef82efb83fe.mp3
      원본이 기대하는 꼬리: 2026-08-09T00:19:01.084Z
      백업에 실제로 있는 것: undefined
    meetings/80eca180-b496-4947-ad48-67d9fdc544b6.wav
      원본이 기대하는 꼬리: 2026-08-09T00:19:03.431Z
      백업에 실제로 있는 것: undefined
    meetings/b077c622-794b-4d66-8b5e-ff7aaae5dd20.wav
      원본이 기대하는 꼬리: 2026-08-09T00:19:05.674Z
      백업에 실제로 있는 것: undefined
    이대로 올리면 버킷 전체가 새 이름으로 한 벌 더 쌓입니다. 확인하고 다시 도세요.
    (일부러 규칙을 바꾼 것이라면 ALLOW_REKEY=1 로 넘길 수 있습니다)
    ALLOW_REKEY=1 — 그대로 진행합니다
  원본 84개 879.0MB · 백업 52개
  넣음 0개 · 이미 있음 0개
  
    **읽기는 되는데 쓰기가 막힙니다.** 위 줄의 오류 코드로 갈립니다 —
      AccessDenied          권한. 토큰 등급이 `Object Read & Write` 인지,
                            **범위에 백업 버킷이 들어 있는지** 보세요
      SignatureDoesNotMatch 우리 서명 코드 문제입니다 (읽기는 되는데 쓰기만이면
                            본문 해시나 content-type 쪽입니다)
      그 밖                 버킷 잠금·보존 설정을 보세요
  
  실패 168건
    meetings/5f82a491-cbb9-49d0-ad9b-aef82efb83fe.mp3 — 쓰기 HTTP 403 AccessDenied — Access Denied
    meetings/80eca180-b496-4947-ad48-67d9fdc544b6.wav — 쓰기 HTTP 403 AccessDenied — Access Denied
    meetings/b077c622-794b-4d66-8b5e-ff7aaae5dd20.wav — 쓰기 HTTP 502 — <html>
  <head><title>502 Bad Gateway</title></head>
  <body>
  <center><h1>502 Bad Gateway</h1></center>
  <hr><center>clou
    meetings/bb85f159-874a-417e-988f-34fb21bbed76.wav — 쓰기 HTTP 403 AccessDenied — Access Denied
    meetings/da68958a-928e-41c7-b715-3d2e739d32d6.webm — 쓰기 HTTP 403 AccessDenied — Access Denied
    recordings/00452368-eca4-440c-b0d0-9eb9a0169ab4.wav — 쓰기 HTTP 502 — <html>
  <head><title>502 Bad Gateway</title></head>
  <body>
  <center><h1>502 Bad Gateway</h1></center>
  <hr><center>clou
    recordings/009627bc-b14a-4d34-9881-8609cb195732.webm — 쓰기 HTTP 502 — <html>
  <head><title>502 Bad Gateway</title></head>
  <body>
  <center><h1>502 Bad Gateway</h1></center>
  <hr><center>clou
    recordings/00c746bb-475f-40ed-9ce3-5a8ef2afc887.wav — 쓰기 HTTP 403 AccessDenied — Access Denied
    recordings/04d857cd-bdd1-49c3-842d-601594666534.wav — 쓰기 HTTP 403 AccessDenied — Access Denied
    recordings/09e65747-5dde-4c4f-865b-d62b36641c24.wav — 쓰기 HTTP 403 AccessDenied — Access Denied
    … 그 밖 158건
  오프사이트: 미설정 — **계정 밖 사본이 없습니다** (OFFSITE_ACCOUNT_ID·OFFSITE_API_TOKEN)
2026-08-25 02:42Z  OK
  잠금: 못 읽음 — 이 토큰은 버킷 설정을 못 만집니다 (좁혀진 상태)
  실패 — **백업 키가 하나도 안 맞습니다.** 규칙이 어긋난 것 같습니다
    원본 84개 · 백업 52개인데 겹치는 키가 0개입니다
    meetings/5f82a491-cbb9-49d0-ad9b-aef82efb83fe.mp3
      원본이 기대하는 꼬리: 2026-08-09T00:19:01.084Z
      백업에 실제로 있는 것: undefined
    meetings/80eca180-b496-4947-ad48-67d9fdc544b6.wav
      원본이 기대하는 꼬리: 2026-08-09T00:19:03.431Z
      백업에 실제로 있는 것: undefined
    meetings/b077c622-794b-4d66-8b5e-ff7aaae5dd20.wav
      원본이 기대하는 꼬리: 2026-08-09T00:19:05.674Z
      백업에 실제로 있는 것: undefined
    이대로 올리면 버킷 전체가 새 이름으로 한 벌 더 쌓입니다. 확인하고 다시 도세요.
    (일부러 규칙을 바꾼 것이라면 ALLOW_REKEY=1 로 넘길 수 있습니다)
    ALLOW_REKEY=1 — 그대로 진행합니다
  원본 84개 879.0MB · 백업 52개
  넣음 84개 · 이미 있음 0개
  /tmp/backup-sample-0.bin: Invalid data found when processing input
  /tmp/src-sample-0.bin: Invalid data found when processing input
  표본 2개 백업에서 열림 (531초 · 786초)
    참고: meetings/5f82a491-cbb9-49d0-ad9b-aef82efb83fe.mp3 는 원본도 안 열립니다 (오디오가 아니거나 깨진 파일)
  OK — 원본 84개가 전부 백업되어 있고 크기가 같습니다
  오프사이트: 미설정 — **계정 밖 사본이 없습니다** (OFFSITE_ACCOUNT_ID·OFFSITE_API_TOKEN)
2026-08-25 07:10Z  OK
  잠금: 못 읽음 — 이 토큰은 버킷 설정을 못 만집니다 (좁혀진 상태)
  원본 86개 898.0MB · 백업 136개
  넣음 2개 · 이미 있음 84개
  /tmp/backup-sample-0.bin: Invalid data found when processing input
  /tmp/src-sample-0.bin: Invalid data found when processing input
  표본 2개 백업에서 열림 (531초 · 786초)
    참고: meetings/5f82a491-cbb9-49d0-ad9b-aef82efb83fe.mp3 는 원본도 안 열립니다 (오디오가 아니거나 깨진 파일)
  OK — 원본 86개가 전부 백업되어 있고 크기가 같습니다
  오프사이트: 미설정 — **계정 밖 사본이 없습니다** (OFFSITE_ACCOUNT_ID·OFFSITE_API_TOKEN)
2026-08-26 08:07Z  못봄
  잠금: 못 봄 — CLOUDFLARE_API_TOKEN 이 없습니다 (객체는 S3 로 봅니다)
    lep-uploads-backup: lep-uploads-backup 조회 실패 (HTTP 403) AccessDenied
  실패 — 객체 목록을 못 읽었습니다
    lep-uploads: 10개 읽힘
    lep-uploads-backup: 못 읽음
    한쪽만 읽히면 자격증명 범위에 그 버킷이 빠진 것이고,
    둘 다 안 읽히면 R2_ACCESS_KEY_ID·R2_SECRET_ACCESS_KEY 가 틀린 것입니다.
    (2026-08-24 부터 객체는 S3 API 로 봅니다 — client/v4 가 아닙니다)
  오프사이트: 못봄 — 1계정 자격증명이 없습니다
2026-08-26 08:40Z  못봄
  잠금: 못 봄 — CLOUDFLARE_API_TOKEN 이 없습니다 (객체는 S3 로 봅니다)
  원본 18개 152.7MB · 백업 0개
  넣음 18개 · 이미 있음 0개
  표본 1개 백업에서 열림 (603초)
    참고: recordings/9e1b0540-1835-4753-ab6f-f0cc1b0b7429.webm 는 원본도 안 열립니다 (오디오가 아니거나 깨진 파일)
    참고: recordings/b3524c4a-b481-441d-b91e-b842be297a5c.webm 는 원본도 안 열립니다 (오디오가 아니거나 깨진 파일)
  OK — 원본 18개가 전부 백업되어 있고 크기가 같습니다
  오프사이트: 못봄 — 1계정 자격증명이 없습니다
2026-08-26 08:42Z  OK
  잠금: 못 봄 — CLOUDFLARE_API_TOKEN 이 없습니다 (객체는 S3 로 봅니다)
  원본 18개 152.7MB · 백업 18개
  넣음 0개 · 이미 있음 18개
  표본 1개 백업에서 열림 (603초)
    참고: recordings/9e1b0540-1835-4753-ab6f-f0cc1b0b7429.webm 는 원본도 안 열립니다 (오디오가 아니거나 깨진 파일)
    참고: recordings/b3524c4a-b481-441d-b91e-b842be297a5c.webm 는 원본도 안 열립니다 (오디오가 아니거나 깨진 파일)
  OK — 원본 18개가 전부 백업되어 있고 크기가 같습니다
  오프사이트: 미설정 — **계정 밖 사본이 없습니다** (CLOUDFLARE_API_TOKEN 이 없습니다)
2026-08-26 13:18Z  OK
  잠금: 못 봄 — CLOUDFLARE_API_TOKEN 이 없습니다 (객체는 S3 로 봅니다)
  원본 18개 152.7MB · 백업 18개
  넣음 0개 · 이미 있음 18개
  표본 1개 백업에서 열림 (603초)
    참고: recordings/9e1b0540-1835-4753-ab6f-f0cc1b0b7429.webm 는 원본도 안 열립니다 (오디오가 아니거나 깨진 파일)
    참고: recordings/b3524c4a-b481-441d-b91e-b842be297a5c.webm 는 원본도 안 열립니다 (오디오가 아니거나 깨진 파일)
  OK — 원본 18개가 전부 백업되어 있고 크기가 같습니다
  오프사이트: 미설정 — **계정 밖 사본이 없습니다** (CLOUDFLARE_API_TOKEN 이 없습니다)
2026-08-26 20:07Z  OK
  잠금: 못 봄 — CLOUDFLARE_API_TOKEN 이 없습니다 (객체는 S3 로 봅니다)
  원본 18개 152.7MB · 백업 18개
  넣음 0개 · 이미 있음 18개
  표본 1개 백업에서 열림 (603초)
    참고: recordings/9e1b0540-1835-4753-ab6f-f0cc1b0b7429.webm 는 원본도 안 열립니다 (오디오가 아니거나 깨진 파일)
    참고: recordings/b3524c4a-b481-441d-b91e-b842be297a5c.webm 는 원본도 안 열립니다 (오디오가 아니거나 깨진 파일)
  OK — 원본 18개가 전부 백업되어 있고 크기가 같습니다
  오프사이트: 미설정 — **계정 밖 사본이 없습니다** (OFFSITE_ENDPOINT · OFFSITE_ACCESS_KEY_ID · OFFSITE_SECRET_ACCESS_KEY)
2026-08-27 03:49Z  못봄
  잠금: 못 봄 — CLOUDFLARE_API_TOKEN 이 없습니다 (객체는 S3 로 봅니다)
  원본 18개 152.7MB · 백업 18개
  넣음 0개 · 이미 있음 18개
  표본 1개 백업에서 열림 (603초)
    참고: recordings/9e1b0540-1835-4753-ab6f-f0cc1b0b7429.webm 는 원본도 안 열립니다 (오디오가 아니거나 깨진 파일)
    참고: recordings/b3524c4a-b481-441d-b91e-b842be297a5c.webm 는 원본도 안 열립니다 (오디오가 아니거나 깨진 파일)
  OK — 원본 18개가 전부 백업되어 있고 크기가 같습니다
  오프사이트: 실패 — lep-uploads-offsite 조회 실패 (HTTP 403) SignatureDoesNotMatch
2026-08-27 03:52Z  실패
  잠금: 못 봄 — CLOUDFLARE_API_TOKEN 이 없습니다 (객체는 S3 로 봅니다)
  원본 18개 152.7MB · 백업 18개
  넣음 0개 · 이미 있음 18개
  표본 1개 백업에서 열림 (603초)
    참고: recordings/9e1b0540-1835-4753-ab6f-f0cc1b0b7429.webm 는 원본도 안 열립니다 (오디오가 아니거나 깨진 파일)
    참고: recordings/b3524c4a-b481-441d-b91e-b842be297a5c.webm 는 원본도 안 열립니다 (오디오가 아니거나 깨진 파일)
  OK — 원본 18개가 전부 백업되어 있고 크기가 같습니다
  오프사이트: 실패 — lep-uploads-offsite 조회 실패 (HTTP 403) SignatureDoesNotMatch — Signature validation failed
    주소   s3.us-west-004.backblazeb2.com
    리전   us-west-004 (주소에서 읽음)
    버킷   lep-uploads-offsite
    키ID   25자 · 비밀키 31자
    확인할 것 — 버킷 이름이 B2 화면과 같은가 · 키가 그 버킷에 Read and Write 인가 · applicationKey(비밀키)를 keyName 과 헷갈리지 않았는가
2026-08-27 03:54Z  실패
  잠금: 못 봄 — CLOUDFLARE_API_TOKEN 이 없습니다 (객체는 S3 로 봅니다)
  원본 18개 152.7MB · 백업 18개
  넣음 0개 · 이미 있음 18개
  표본 1개 백업에서 열림 (603초)
    참고: recordings/9e1b0540-1835-4753-ab6f-f0cc1b0b7429.webm 는 원본도 안 열립니다 (오디오가 아니거나 깨진 파일)
    참고: recordings/b3524c4a-b481-441d-b91e-b842be297a5c.webm 는 원본도 안 열립니다 (오디오가 아니거나 깨진 파일)
  OK — 원본 18개가 전부 백업되어 있고 크기가 같습니다
  오프사이트: 경로형이 거절됨 (lep-uploads-offsite 조회 실패 (HTTP 403) SignatureDoesNotMatch — Signature validation failed) — 주소형으로 다시 봅니다
  오프사이트: 실패 — lep-uploads-offsite 조회 실패 (HTTP 403) SignatureDoesNotMatch — Signature validation failed
    주소   s3.us-west-004.backblazeb2.com
    리전   us-west-004 (주소에서 읽음)
    버킷   lep-uploads-offsite
    키ID   25자 · 비밀키 31자
    확인할 것 — 버킷 이름이 B2 화면과 같은가 · 키가 그 버킷에 Read and Write 인가 · applicationKey(비밀키)를 keyName 과 헷갈리지 않았는가
2026-08-27 03:56Z  실패
  잠금: 못 봄 — CLOUDFLARE_API_TOKEN 이 없습니다 (객체는 S3 로 봅니다)
  원본 18개 152.7MB · 백업 18개
  넣음 0개 · 이미 있음 18개
  표본 1개 백업에서 열림 (603초)
    참고: recordings/9e1b0540-1835-4753-ab6f-f0cc1b0b7429.webm 는 원본도 안 열립니다 (오디오가 아니거나 깨진 파일)
    참고: recordings/b3524c4a-b481-441d-b91e-b842be297a5c.webm 는 원본도 안 열립니다 (오디오가 아니거나 깨진 파일)
  OK — 원본 18개가 전부 백업되어 있고 크기가 같습니다
  오프사이트: 경로형이 거절됨 (lep-uploads-offsite 조회 실패 (HTTP 403) SignatureDoesNotMatch — Signature validation failed) — 주소형으로 다시 봅니다
  오프사이트: 실패 — lep-uploads-offsite 조회 실패 (HTTP 403) SignatureDoesNotMatch — Signature validation failed
    주소   s3.us-west-004.backblazeb2.com
    리전   us-west-004 (주소에서 읽음)
    버킷   lep-uploads-offsite
    키ID   25자 · 비밀키 31자
    B2 확인 — 키를 B2 가 받지 않습니다 (401)
    → **키를 다시 발급**하십시오. keyID 와 applicationKey 를 한 쌍으로 옮겨야 합니다
2026-08-27 04:07Z  실패
  잠금: 못 봄 — CLOUDFLARE_API_TOKEN 이 없습니다 (객체는 S3 로 봅니다)
  원본 18개 152.7MB · 백업 18개
  넣음 0개 · 이미 있음 18개
  표본 1개 백업에서 열림 (603초)
    참고: recordings/9e1b0540-1835-4753-ab6f-f0cc1b0b7429.webm 는 원본도 안 열립니다 (오디오가 아니거나 깨진 파일)
    참고: recordings/b3524c4a-b481-441d-b91e-b842be297a5c.webm 는 원본도 안 열립니다 (오디오가 아니거나 깨진 파일)
  OK — 원본 18개가 전부 백업되어 있고 크기가 같습니다
  오프사이트: 경로형이 거절됨 (lep-uploads-offsite 조회 실패 (HTTP 403) InvalidAccessKeyId — The key &apos;***&apos; is not v) — 주소형으로 다시 봅니다
  오프사이트: 실패 — lep-uploads-offsite 조회 실패 (HTTP 403) InvalidAccessKeyId — The key &apos;***&apos; is not valid
    주소   s3.us-west-004.backblazeb2.com
    리전   us-west-004 (주소에서 읽음)
    버킷   lep-uploads-offsite
    키ID   25자 (16진수) · 비밀키 31자 (K+숫자로 시작)
    B2 확인 — 키를 B2 가 받지 않습니다 (401)
    → 이 쌍을 B2 가 모릅니다. **키를 다시 발급**하고 그 화면에서 곧바로 옮기십시오
       keyID 는 16진수 25자, applicationKey 는 K 로 시작하는 31자입니다 —
       위 「생김새」 가 이와 다르면 다른 값을 복사하신 것입니다 (keyName 이 아닙니다)
2026-08-27 04:19Z  OK
  잠금: 못 봄 — CLOUDFLARE_API_TOKEN 이 없습니다 (객체는 S3 로 봅니다)
  원본 18개 152.7MB · 백업 18개
  넣음 0개 · 이미 있음 18개
  표본 1개 백업에서 열림 (603초)
    참고: recordings/9e1b0540-1835-4753-ab6f-f0cc1b0b7429.webm 는 원본도 안 열립니다 (오디오가 아니거나 깨진 파일)
    참고: recordings/b3524c4a-b481-441d-b91e-b842be297a5c.webm 는 원본도 안 열립니다 (오디오가 아니거나 깨진 파일)
  OK — 원본 18개가 전부 백업되어 있고 크기가 같습니다
  오프사이트: 원본 18개 152.7MB · 사본 0개 · 경로형
  오프사이트: 넣음 18개 · 이미 있음 0개
  오프사이트: OK — 18개가 s3.us-west-004.backblazeb2.com 에도 있고 크기가 같습니다
2026-08-27 09:53Z  OK
  잠금: 못 봄 — CLOUDFLARE_API_TOKEN 이 없습니다 (객체는 S3 로 봅니다)
  원본 18개 152.7MB · 백업 18개
  넣음 0개 · 이미 있음 18개
  표본 1개 백업에서 열림 (603초)
    참고: recordings/9e1b0540-1835-4753-ab6f-f0cc1b0b7429.webm 는 원본도 안 열립니다 (오디오가 아니거나 깨진 파일)
    참고: recordings/b3524c4a-b481-441d-b91e-b842be297a5c.webm 는 원본도 안 열립니다 (오디오가 아니거나 깨진 파일)
  OK — 원본 18개가 전부 백업되어 있고 크기가 같습니다
  오프사이트: 원본 18개 152.7MB · 사본 18개 · 경로형
  오프사이트: 넣음 0개 · 이미 있음 18개
  오프사이트: OK — 18개가 s3.us-west-004.backblazeb2.com 에도 있고 크기가 같습니다
2026-08-28 03:07Z  OK
  잠금: 못 봄 — CLOUDFLARE_API_TOKEN 이 없습니다 (객체는 S3 로 봅니다)
  원본 18개 152.7MB · 백업 18개
  넣음 0개 · 이미 있음 18개
  표본 3개 백업에서 열림 (603초 · 5초 · 600초)
  OK — 원본 18개가 전부 백업되어 있고 크기가 같습니다
  오프사이트: 원본 18개 152.7MB · 사본 18개 · 경로형
  오프사이트: 넣음 0개 · 이미 있음 18개
  오프사이트: OK — 18개가 s3.us-west-004.backblazeb2.com 에도 있고 크기가 같습니다
2026-08-28 11:27Z  OK
  잠금: 못 봄 — CLOUDFLARE_API_TOKEN 이 없습니다 (객체는 S3 로 봅니다)
  원본 18개 152.7MB · 백업 18개
  넣음 0개 · 이미 있음 18개
  표본 3개 백업에서 열림 (603초 · 5초 · 600초)
  OK — 원본 18개가 전부 백업되어 있고 크기가 같습니다
  오프사이트: 원본 18개 152.7MB · 사본 18개 · 경로형
  오프사이트: 넣음 0개 · 이미 있음 18개
  오프사이트: OK — 18개가 s3.us-west-004.backblazeb2.com 에도 있고 크기가 같습니다
2026-08-28 22:23Z  OK
  잠금: 못 봄 — CLOUDFLARE_API_TOKEN 이 없습니다 (객체는 S3 로 봅니다)
  원본 18개 152.7MB · 백업 18개
  넣음 0개 · 이미 있음 18개
  표본 3개 백업에서 열림 (603초 · 5초 · 600초)
  OK — 원본 18개가 전부 백업되어 있고 크기가 같습니다
  오프사이트: 원본 18개 152.7MB · 사본 18개 · 경로형
  오프사이트: 넣음 0개 · 이미 있음 18개
  오프사이트: OK — 18개가 s3.us-west-004.backblazeb2.com 에도 있고 크기가 같습니다
2026-08-29 07:07Z  실패
  잠금: 못 봄 — CLOUDFLARE_API_TOKEN 이 없습니다 (객체는 S3 로 봅니다)
    lep-uploads: lep-uploads 조회 실패 (HTTP 403) SignatureDoesNotMatch — The request signature we calculated does not match the signature you provided. Check your secret access key and signing method.
    lep-uploads-backup: lep-uploads-backup 조회 실패 (HTTP 403) SignatureDoesNotMatch — The request signature we calculated does not match the signature you provided. Check your secret access key and signing method.
  실패 — 객체 목록을 못 읽었습니다
    lep-uploads: 못 읽음
    lep-uploads-backup: 못 읽음
    한쪽만 읽히면 자격증명 범위에 그 버킷이 빠진 것이고,
    둘 다 안 읽히면 R2_ACCESS_KEY_ID·R2_SECRET_ACCESS_KEY 가 틀린 것입니다.
    (2026-08-24 부터 객체는 S3 API 로 봅니다 — client/v4 가 아닙니다)
  오프사이트: 실패 — lep-uploads 조회 실패 (HTTP 403) SignatureDoesNotMatch — The request signature we calculated does not match the signature you provided. Check your secret access key and signing method.
    주소   s3.us-west-004.backblazeb2.com
    리전   us-west-004 (주소에서 읽음)
    버킷   lep-uploads-offsite
    키ID   25자 (16진수) · 비밀키 31자 (K+숫자로 시작)
    B2 확인 — 키는 유효합니다
    B2 가 이 키에 허용한 버킷: lep-uploads-offsite
    → 주소도 맞습니다. 남은 것은 버킷 이름이나 키 권한입니다
2026-08-29 16:45Z  실패
  잠금: 못 봄 — CLOUDFLARE_API_TOKEN 이 없습니다 (객체는 S3 로 봅니다)
    lep-uploads: lep-uploads 조회 실패 (HTTP 403) SignatureDoesNotMatch — The request signature we calculated does not match the signature you provided. Check your secret access key and signing method.
    lep-uploads-backup: lep-uploads-backup 조회 실패 (HTTP 403) SignatureDoesNotMatch — The request signature we calculated does not match the signature you provided. Check your secret access key and signing method.
  실패 — 객체 목록을 못 읽었습니다
    lep-uploads: 못 읽음
    lep-uploads-backup: 못 읽음
    한쪽만 읽히면 자격증명 범위에 그 버킷이 빠진 것이고,
    둘 다 안 읽히면 R2_ACCESS_KEY_ID·R2_SECRET_ACCESS_KEY 가 틀린 것입니다.
    (2026-08-24 부터 객체는 S3 API 로 봅니다 — client/v4 가 아닙니다)
  오프사이트: 실패 — lep-uploads 조회 실패 (HTTP 403) SignatureDoesNotMatch — The request signature we calculated does not match the signature you provided. Check your secret access key and signing method.
    주소   s3.us-west-004.backblazeb2.com
    리전   us-west-004 (주소에서 읽음)
    버킷   lep-uploads-offsite
    키ID   25자 (16진수) · 비밀키 31자 (K+숫자로 시작)
    B2 확인 — 키는 유효합니다
    B2 가 이 키에 허용한 버킷: lep-uploads-offsite
    → 주소도 맞습니다. 남은 것은 버킷 이름이나 키 권한입니다
2026-08-29 20:57Z  실패
  잠금: 못 봄 — CLOUDFLARE_API_TOKEN 이 없습니다 (객체는 S3 로 봅니다)
    lep-uploads: lep-uploads 조회 실패 (HTTP 403) SignatureDoesNotMatch — The request signature we calculated does not match the signature you provided. Check your secret access key and signing method.
    lep-uploads-backup: lep-uploads-backup 조회 실패 (HTTP 403) SignatureDoesNotMatch — The request signature we calculated does not match the signature you provided. Check your secret access key and signing method.
  실패 — 객체 목록을 못 읽었습니다
    lep-uploads: 못 읽음
    lep-uploads-backup: 못 읽음
    한쪽만 읽히면 자격증명 범위에 그 버킷이 빠진 것이고,
    둘 다 안 읽히면 R2_ACCESS_KEY_ID·R2_SECRET_ACCESS_KEY 가 틀린 것입니다.
    (2026-08-24 부터 객체는 S3 API 로 봅니다 — client/v4 가 아닙니다)
  오프사이트: 실패 — lep-uploads 조회 실패 (HTTP 403) SignatureDoesNotMatch — The request signature we calculated does not match the signature you provided. Check your secret access key and signing method.
    주소   s3.us-west-004.backblazeb2.com
    리전   us-west-004 (주소에서 읽음)
    버킷   lep-uploads-offsite
    키ID   25자 (16진수) · 비밀키 31자 (K+숫자로 시작)
    B2 확인 — 키는 유효합니다
    B2 가 이 키에 허용한 버킷: lep-uploads-offsite
    → 주소도 맞습니다. 남은 것은 버킷 이름이나 키 권한입니다
2026-08-30 05:28Z  실패
  잠금: 못 봄 — CLOUDFLARE_API_TOKEN 이 없습니다 (객체는 S3 로 봅니다)
    lep-uploads: lep-uploads 조회 실패 (HTTP 403) SignatureDoesNotMatch — The request signature we calculated does not match the signature you provided. Check your secret access key and signing method.
    lep-uploads-backup: lep-uploads-backup 조회 실패 (HTTP 403) SignatureDoesNotMatch — The request signature we calculated does not match the signature you provided. Check your secret access key and signing method.
  실패 — 객체 목록을 못 읽었습니다
    lep-uploads: 못 읽음
    lep-uploads-backup: 못 읽음
    한쪽만 읽히면 자격증명 범위에 그 버킷이 빠진 것이고,
    둘 다 안 읽히면 R2_ACCESS_KEY_ID·R2_SECRET_ACCESS_KEY 가 틀린 것입니다.
    (2026-08-24 부터 객체는 S3 API 로 봅니다 — client/v4 가 아닙니다)
  오프사이트: 실패 — lep-uploads 조회 실패 (HTTP 403) SignatureDoesNotMatch — The request signature we calculated does not match the signature you provided. Check your secret access key and signing method.
    주소   s3.us-west-004.backblazeb2.com
    리전   us-west-004 (주소에서 읽음)
    버킷   lep-uploads-offsite
    키ID   25자 (16진수) · 비밀키 31자 (K+숫자로 시작)
    B2 확인 — 키는 유효합니다
    B2 가 이 키에 허용한 버킷: lep-uploads-offsite
    → 주소도 맞습니다. 남은 것은 버킷 이름이나 키 권한입니다
2026-08-30 11:57Z  실패
  잠금: 못 봄 — CLOUDFLARE_API_TOKEN 이 없습니다 (객체는 S3 로 봅니다)
    lep-uploads: lep-uploads 조회 실패 (HTTP 403) SignatureDoesNotMatch — The request signature we calculated does not match the signature you provided. Check your secret access key and signing method.
    lep-uploads-backup: lep-uploads-backup 조회 실패 (HTTP 403) SignatureDoesNotMatch — The request signature we calculated does not match the signature you provided. Check your secret access key and signing method.
  실패 — 객체 목록을 못 읽었습니다
    lep-uploads: 못 읽음
    lep-uploads-backup: 못 읽음
    한쪽만 읽히면 자격증명 범위에 그 버킷이 빠진 것이고,
    둘 다 안 읽히면 R2_ACCESS_KEY_ID·R2_SECRET_ACCESS_KEY 가 틀린 것입니다.
    (2026-08-24 부터 객체는 S3 API 로 봅니다 — client/v4 가 아닙니다)
  오프사이트: 실패 — lep-uploads 조회 실패 (HTTP 403) SignatureDoesNotMatch — The request signature we calculated does not match the signature you provided. Check your secret access key and signing method.
    주소   s3.us-west-004.backblazeb2.com
    리전   us-west-004 (주소에서 읽음)
    버킷   lep-uploads-offsite
    키ID   25자 (16진수) · 비밀키 31자 (K+숫자로 시작)
    B2 확인 — 키는 유효합니다
    B2 가 이 키에 허용한 버킷: lep-uploads-offsite
    → 주소도 맞습니다. 남은 것은 버킷 이름이나 키 권한입니다
2026-08-30 16:43Z  실패
  잠금: 못 봄 — CLOUDFLARE_API_TOKEN 이 없습니다 (객체는 S3 로 봅니다)
    lep-uploads: lep-uploads 조회 실패 (HTTP 403) SignatureDoesNotMatch — The request signature we calculated does not match the signature you provided. Check your secret access key and signing method.
    lep-uploads-backup: lep-uploads-backup 조회 실패 (HTTP 403) SignatureDoesNotMatch — The request signature we calculated does not match the signature you provided. Check your secret access key and signing method.
  실패 — 객체 목록을 못 읽었습니다
    lep-uploads: 못 읽음
    lep-uploads-backup: 못 읽음
    한쪽만 읽히면 자격증명 범위에 그 버킷이 빠진 것이고,
    둘 다 안 읽히면 R2_ACCESS_KEY_ID·R2_SECRET_ACCESS_KEY 가 틀린 것입니다.
    (2026-08-24 부터 객체는 S3 API 로 봅니다 — client/v4 가 아닙니다)
  오프사이트: 실패 — lep-uploads 조회 실패 (HTTP 403) SignatureDoesNotMatch — The request signature we calculated does not match the signature you provided. Check your secret access key and signing method.
    주소   s3.us-west-004.backblazeb2.com
    리전   us-west-004 (주소에서 읽음)
    버킷   lep-uploads-offsite
    키ID   25자 (16진수) · 비밀키 31자 (K+숫자로 시작)
    B2 확인 — 키는 유효합니다
    B2 가 이 키에 허용한 버킷: lep-uploads-offsite
    → 주소도 맞습니다. 남은 것은 버킷 이름이나 키 권한입니다
2026-08-30 21:09Z  실패
  잠금: 못 봄 — CLOUDFLARE_API_TOKEN 이 없습니다 (객체는 S3 로 봅니다)
    lep-uploads: lep-uploads 조회 실패 (HTTP 403) SignatureDoesNotMatch — The request signature we calculated does not match the signature you provided. Check your secret access key and signing method.
    lep-uploads-backup: lep-uploads-backup 조회 실패 (HTTP 403) SignatureDoesNotMatch — The request signature we calculated does not match the signature you provided. Check your secret access key and signing method.
  실패 — 객체 목록을 못 읽었습니다
    lep-uploads: 못 읽음
    lep-uploads-backup: 못 읽음
    한쪽만 읽히면 자격증명 범위에 그 버킷이 빠진 것이고,
    둘 다 안 읽히면 R2_ACCESS_KEY_ID·R2_SECRET_ACCESS_KEY 가 틀린 것입니다.
    (2026-08-24 부터 객체는 S3 API 로 봅니다 — client/v4 가 아닙니다)
  오프사이트: 실패 — lep-uploads 조회 실패 (HTTP 403) SignatureDoesNotMatch — The request signature we calculated does not match the signature you provided. Check your secret access key and signing method.
    주소   s3.us-west-004.backblazeb2.com
    리전   us-west-004 (주소에서 읽음)
    버킷   lep-uploads-offsite
    키ID   25자 (16진수) · 비밀키 31자 (K+숫자로 시작)
    B2 확인 — 키는 유효합니다
    B2 가 이 키에 허용한 버킷: lep-uploads-offsite
    → 주소도 맞습니다. 남은 것은 버킷 이름이나 키 권한입니다
2026-08-31 05:40Z  실패
  잠금: 못 봄 — CLOUDFLARE_API_TOKEN 이 없습니다 (객체는 S3 로 봅니다)
    lep-uploads: lep-uploads 조회 실패 (HTTP 403) SignatureDoesNotMatch — The request signature we calculated does not match the signature you provided. Check your secret access key and signing method.
    lep-uploads-backup: lep-uploads-backup 조회 실패 (HTTP 403) SignatureDoesNotMatch — The request signature we calculated does not match the signature you provided. Check your secret access key and signing method.
  실패 — 객체 목록을 못 읽었습니다
    lep-uploads: 못 읽음
    lep-uploads-backup: 못 읽음
    한쪽만 읽히면 자격증명 범위에 그 버킷이 빠진 것이고,
    둘 다 안 읽히면 R2_ACCESS_KEY_ID·R2_SECRET_ACCESS_KEY 가 틀린 것입니다.
    (2026-08-24 부터 객체는 S3 API 로 봅니다 — client/v4 가 아닙니다)
  오프사이트: 실패 — lep-uploads 조회 실패 (HTTP 403) SignatureDoesNotMatch — The request signature we calculated does not match the signature you provided. Check your secret access key and signing method.
    주소   s3.us-west-004.backblazeb2.com
    리전   us-west-004 (주소에서 읽음)
    버킷   lep-uploads-offsite
    키ID   25자 (16진수) · 비밀키 31자 (K+숫자로 시작)
    B2 확인 — 키는 유효합니다
    B2 가 이 키에 허용한 버킷: lep-uploads-offsite
    → 주소도 맞습니다. 남은 것은 버킷 이름이나 키 권한입니다
2026-08-31 13:56Z  실패
  잠금: 못 봄 — CLOUDFLARE_API_TOKEN 이 없습니다 (객체는 S3 로 봅니다)
    lep-uploads: lep-uploads 조회 실패 (HTTP 403) SignatureDoesNotMatch — The request signature we calculated does not match the signature you provided. Check your secret access key and signing method.
    lep-uploads-backup: lep-uploads-backup 조회 실패 (HTTP 403) SignatureDoesNotMatch — The request signature we calculated does not match the signature you provided. Check your secret access key and signing method.
  실패 — 객체 목록을 못 읽었습니다
    lep-uploads: 못 읽음
    lep-uploads-backup: 못 읽음
    한쪽만 읽히면 자격증명 범위에 그 버킷이 빠진 것이고,
    둘 다 안 읽히면 R2_ACCESS_KEY_ID·R2_SECRET_ACCESS_KEY 가 틀린 것입니다.
    (2026-08-24 부터 객체는 S3 API 로 봅니다 — client/v4 가 아닙니다)
  오프사이트: 실패 — lep-uploads 조회 실패 (HTTP 403) SignatureDoesNotMatch — The request signature we calculated does not match the signature you provided. Check your secret access key and signing method.
    주소   s3.us-west-004.backblazeb2.com
    리전   us-west-004 (주소에서 읽음)
    버킷   lep-uploads-offsite
    키ID   25자 (16진수) · 비밀키 31자 (K+숫자로 시작)
    B2 확인 — 키는 유효합니다
    B2 가 이 키에 허용한 버킷: lep-uploads-offsite
    → 주소도 맞습니다. 남은 것은 버킷 이름이나 키 권한입니다
2026-09-01 11:40Z  못봄
  못봄 — 자격증명이 모자랍니다
    CF_ACCOUNT_ID  있음 · 32자
    R2_ACCESS_KEY_ID  **비어 있음** — 값 없이 등록된 것 같습니다
    R2_SECRET_ACCESS_KEY  **비어 있음** — 값 없이 등록된 것 같습니다
    R2 API 토큰 발급 화면에 Access Key ID 와 Secret Access Key 가 함께 나옵니다.
    토큰 등급은 **Object Read & Write** 로 충분합니다 — 그것이 이 설계의 값입니다.
    **없음** 이 있다면 흔한 원인 셋:
      · Secrets 가 아니라 Variables 에 넣었다 (같은 화면의 다른 탭이다)
      · Repository 가 아니라 Environment 시크릿으로 넣었다 (워크플로가 environment 를 안 쓴다)
      · 이름 철자가 다르다 — 위에 적힌 이름과 글자까지 같아야 한다
  오프사이트: 미설정 — **계정 밖 사본이 없습니다** (R2_ACCESS_KEY_ID · R2_SECRET_ACCESS_KEY · OFFSITE_ENDPOINT · OFFSITE_ACCESS_KEY_ID · OFFSITE_SECRET_ACCESS_KEY)
2026-09-01 16:41Z  못봄
  못봄 — 자격증명이 모자랍니다
    CF_ACCOUNT_ID  있음 · 32자
    R2_ACCESS_KEY_ID  **비어 있음** — 값 없이 등록된 것 같습니다
    R2_SECRET_ACCESS_KEY  **비어 있음** — 값 없이 등록된 것 같습니다
    R2 API 토큰 발급 화면에 Access Key ID 와 Secret Access Key 가 함께 나옵니다.
    토큰 등급은 **Object Read & Write** 로 충분합니다 — 그것이 이 설계의 값입니다.
    **없음** 이 있다면 흔한 원인 셋:
      · Secrets 가 아니라 Variables 에 넣었다 (같은 화면의 다른 탭이다)
      · Repository 가 아니라 Environment 시크릿으로 넣었다 (워크플로가 environment 를 안 쓴다)
      · 이름 철자가 다르다 — 위에 적힌 이름과 글자까지 같아야 한다
  오프사이트: 미설정 — **계정 밖 사본이 없습니다** (R2_ACCESS_KEY_ID · R2_SECRET_ACCESS_KEY · OFFSITE_ENDPOINT · OFFSITE_ACCESS_KEY_ID · OFFSITE_SECRET_ACCESS_KEY)
2026-09-01 21:04Z  못봄
  못봄 — 자격증명이 모자랍니다
    CF_ACCOUNT_ID  있음 · 32자
    R2_ACCESS_KEY_ID  **비어 있음** — 값 없이 등록된 것 같습니다
    R2_SECRET_ACCESS_KEY  **비어 있음** — 값 없이 등록된 것 같습니다
    R2 API 토큰 발급 화면에 Access Key ID 와 Secret Access Key 가 함께 나옵니다.
    토큰 등급은 **Object Read & Write** 로 충분합니다 — 그것이 이 설계의 값입니다.
    **없음** 이 있다면 흔한 원인 셋:
      · Secrets 가 아니라 Variables 에 넣었다 (같은 화면의 다른 탭이다)
      · Repository 가 아니라 Environment 시크릿으로 넣었다 (워크플로가 environment 를 안 쓴다)
      · 이름 철자가 다르다 — 위에 적힌 이름과 글자까지 같아야 한다
  오프사이트: 미설정 — **계정 밖 사본이 없습니다** (R2_ACCESS_KEY_ID · R2_SECRET_ACCESS_KEY · OFFSITE_ENDPOINT · OFFSITE_ACCESS_KEY_ID · OFFSITE_SECRET_ACCESS_KEY)
2026-09-02 04:36Z  못봄
  못봄 — 자격증명이 모자랍니다
    CF_ACCOUNT_ID  있음 · 32자
    R2_ACCESS_KEY_ID  **비어 있음** — 값 없이 등록된 것 같습니다
    R2_SECRET_ACCESS_KEY  **비어 있음** — 값 없이 등록된 것 같습니다
    R2 API 토큰 발급 화면에 Access Key ID 와 Secret Access Key 가 함께 나옵니다.
    토큰 등급은 **Object Read & Write** 로 충분합니다 — 그것이 이 설계의 값입니다.
    **없음** 이 있다면 흔한 원인 셋:
      · Secrets 가 아니라 Variables 에 넣었다 (같은 화면의 다른 탭이다)
      · Repository 가 아니라 Environment 시크릿으로 넣었다 (워크플로가 environment 를 안 쓴다)
      · 이름 철자가 다르다 — 위에 적힌 이름과 글자까지 같아야 한다
  오프사이트: 미설정 — **계정 밖 사본이 없습니다** (R2_ACCESS_KEY_ID · R2_SECRET_ACCESS_KEY · OFFSITE_ENDPOINT · OFFSITE_ACCESS_KEY_ID · OFFSITE_SECRET_ACCESS_KEY)
