2026-08-13 01:58Z  중단  테이블 개 · 행 개
  대조 전에 멈췄다 — 실행 기록을 볼 것
2026-08-13 01:59Z  중단  테이블 개 · 행 개
  대조 전에 멈췄다 — 실행 기록을 볼 것
2026-08-13 02:01Z  복구됨  테이블 12개 · 행 2461개
  백업 19초 (436825바이트) · 복원 0초
2026-08-13 03:28Z  중단  테이블 개 · 행 개
  백업 18초 (443088바이트) · 복원 0초
  대조 전에 멈췄다 — 실행 기록을 볼 것
2026-08-13 03:30Z  복구됨  테이블 12개 · 행 2486개
  백업 20초 (443088바이트) · 복원 0초
2026-08-14 20:25Z  복구됨  테이블 12개 · 행 2604개
  백업 23초 (465567바이트) · 복원 1초
2026-08-26 07:28Z  중단  테이블 개 · 행 개
  대조 전에 멈췄다 — 실행 기록을 볼 것
2026-08-26 07:31Z  중단  테이블 개 · 행 개
  대조 전에 멈췄다 — 실행 기록을 볼 것
2026-08-26 07:33Z  불일치  테이블 26개 · 행 393개
  백업 27초 (155844바이트) · 복원 1초
  어긋난 테이블 1개 — 실행 기록을 볼 것
2026-08-26 07:38Z  불일치  테이블 26개 · 행 393개
  백업 28초 (155844바이트) · 복원 1초
  어긋난 테이블 1개 — 실행 기록을 볼 것
2026-08-26 07:44Z  불일치  테이블 26개 · 행 393개
  백업 28초 (155844바이트) · 복원 0초
  어긋난 테이블 1개 — 실행 기록을 볼 것
2026-08-26 07:46Z  복구됨  테이블 26개 · 행 393개
  백업 28초 (155844바이트) · 복원 0초
